../Core/ThreadSafe/newlib_lock_glue.c:44:13:Error_Handler	4	static
../Core/ThreadSafe/stm32_lock.h:279:20:stm32_lock_init	24	static,ignoring_inline_asm
../Core/ThreadSafe/stm32_lock.h:293:20:stm32_lock_acquire	24	static,ignoring_inline_asm
../Core/ThreadSafe/stm32_lock.h:304:20:stm32_lock_release	24	static,ignoring_inline_asm
c:\st\stm32cubeide_1.10.1\stm32cubeide\plugins\com.st.stm32cube.ide.mcu.externaltools.gnu-tools-for-stm32.10.3-2021.10.win32_1.0.0.202111181127\tools\arm-none-eabi\include\sys\lock.h:41:13:__retarget_lock_init	16	static
c:\st\stm32cubeide_1.10.1\stm32cubeide\plugins\com.st.stm32cube.ide.mcu.externaltools.gnu-tools-for-stm32.10.3-2021.10.win32_1.0.0.202111181127\tools\arm-none-eabi\include\sys\lock.h:43:13:__retarget_lock_init_recursive	16	static,ignoring_inline_asm
c:\st\stm32cubeide_1.10.1\stm32cubeide\plugins\com.st.stm32cube.ide.mcu.externaltools.gnu-tools-for-stm32.10.3-2021.10.win32_1.0.0.202111181127\tools\arm-none-eabi\include\sys\lock.h:45:13:__retarget_lock_close	16	static
c:\st\stm32cubeide_1.10.1\stm32cubeide\plugins\com.st.stm32cube.ide.mcu.externaltools.gnu-tools-for-stm32.10.3-2021.10.win32_1.0.0.202111181127\tools\arm-none-eabi\include\sys\lock.h:47:13:__retarget_lock_close_recursive	16	static
c:\st\stm32cubeide_1.10.1\stm32cubeide\plugins\com.st.stm32cube.ide.mcu.externaltools.gnu-tools-for-stm32.10.3-2021.10.win32_1.0.0.202111181127\tools\arm-none-eabi\include\sys\lock.h:49:13:__retarget_lock_acquire	16	static,ignoring_inline_asm
c:\st\stm32cubeide_1.10.1\stm32cubeide\plugins\com.st.stm32cube.ide.mcu.externaltools.gnu-tools-for-stm32.10.3-2021.10.win32_1.0.0.202111181127\tools\arm-none-eabi\include\sys\lock.h:51:13:__retarget_lock_acquire_recursive	16	static,ignoring_inline_asm
c:\st\stm32cubeide_1.10.1\stm32cubeide\plugins\com.st.stm32cube.ide.mcu.externaltools.gnu-tools-for-stm32.10.3-2021.10.win32_1.0.0.202111181127\tools\arm-none-eabi\include\sys\lock.h:53:12:__retarget_lock_try_acquire	16	static
c:\st\stm32cubeide_1.10.1\stm32cubeide\plugins\com.st.stm32cube.ide.mcu.externaltools.gnu-tools-for-stm32.10.3-2021.10.win32_1.0.0.202111181127\tools\arm-none-eabi\include\sys\lock.h:55:12:__retarget_lock_try_acquire_recursive	16	static
c:\st\stm32cubeide_1.10.1\stm32cubeide\plugins\com.st.stm32cube.ide.mcu.externaltools.gnu-tools-for-stm32.10.3-2021.10.win32_1.0.0.202111181127\tools\arm-none-eabi\include\sys\lock.h:58:13:__retarget_lock_release	16	static,ignoring_inline_asm
c:\st\stm32cubeide_1.10.1\stm32cubeide\plugins\com.st.stm32cube.ide.mcu.externaltools.gnu-tools-for-stm32.10.3-2021.10.win32_1.0.0.202111181127\tools\arm-none-eabi\include\sys\lock.h:60:13:__retarget_lock_release_recursive	16	static,ignoring_inline_asm
../Core/ThreadSafe/newlib_lock_glue.c:351:5:__cxa_guard_acquire	32	static,ignoring_inline_asm
../Core/ThreadSafe/newlib_lock_glue.c:387:6:__cxa_guard_abort	16	static,ignoring_inline_asm
../Core/ThreadSafe/newlib_lock_glue.c:408:6:__cxa_guard_release	24	static,ignoring_inline_asm
