../Drivers/STM32F4xx_HAL_Driver/Src/stm32f4xx_hal_can.c:274:19:HAL_CAN_Init	24	static
../Drivers/STM32F4xx_HAL_Driver/Src/stm32f4xx_hal_can.c:459:19:HAL_CAN_DeInit	16	static
../Drivers/STM32F4xx_HAL_Driver/Src/stm32f4xx_hal_can.c:506:13:HAL_CAN_MspInit	16	static
../Drivers/STM32F4xx_HAL_Driver/Src/stm32f4xx_hal_can.c:522:13:HAL_CAN_MspDeInit	16	static
../Drivers/STM32F4xx_HAL_Driver/Src/stm32f4xx_hal_can.c:838:19:HAL_CAN_ConfigFilter	32	static
../Drivers/STM32F4xx_HAL_Driver/Src/stm32f4xx_hal_can.c:1032:19:HAL_CAN_Start	24	static
../Drivers/STM32F4xx_HAL_Driver/Src/stm32f4xx_hal_can.c:1084:19:HAL_CAN_Stop	24	static
../Drivers/STM32F4xx_HAL_Driver/Src/stm32f4xx_hal_can.c:1139:19:HAL_CAN_RequestSleep	24	static
../Drivers/STM32F4xx_HAL_Driver/Src/stm32f4xx_hal_can.c:1170:19:HAL_CAN_WakeUp	32	static
../Drivers/STM32F4xx_HAL_Driver/Src/stm32f4xx_hal_can.c:1219:10:HAL_CAN_IsSleepActive	24	static
../Drivers/STM32F4xx_HAL_Driver/Src/stm32f4xx_hal_can.c:1250:19:HAL_CAN_AddTxMessage	40	static
../Drivers/STM32F4xx_HAL_Driver/Src/stm32f4xx_hal_can.c:1358:19:HAL_CAN_AbortTxRequest	24	static
../Drivers/STM32F4xx_HAL_Driver/Src/stm32f4xx_hal_can.c:1407:10:HAL_CAN_GetTxMailboxesFreeLevel	24	static
../Drivers/STM32F4xx_HAL_Driver/Src/stm32f4xx_hal_can.c:1450:10:HAL_CAN_IsTxMessagePending	24	static
../Drivers/STM32F4xx_HAL_Driver/Src/stm32f4xx_hal_can.c:1482:10:HAL_CAN_GetTxTimestamp	40	static,ignoring_inline_asm
../Drivers/STM32F4xx_HAL_Driver/Src/stm32f4xx_hal_can.c:1516:19:HAL_CAN_GetRxMessage	32	static
../Drivers/STM32F4xx_HAL_Driver/Src/stm32f4xx_hal_can.c:1606:10:HAL_CAN_GetRxFifoFillLevel	24	static
../Drivers/STM32F4xx_HAL_Driver/Src/stm32f4xx_hal_can.c:1659:19:HAL_CAN_ActivateNotification	24	static
../Drivers/STM32F4xx_HAL_Driver/Src/stm32f4xx_hal_can.c:1692:19:HAL_CAN_DeactivateNotification	24	static
../Drivers/STM32F4xx_HAL_Driver/Src/stm32f4xx_hal_can.c:1723:6:HAL_CAN_IRQHandler	48	static
../Drivers/STM32F4xx_HAL_Driver/Src/stm32f4xx_hal_can.c:2134:13:HAL_CAN_TxMailbox0CompleteCallback	16	static
../Drivers/STM32F4xx_HAL_Driver/Src/stm32f4xx_hal_can.c:2151:13:HAL_CAN_TxMailbox1CompleteCallback	16	static
../Drivers/STM32F4xx_HAL_Driver/Src/stm32f4xx_hal_can.c:2168:13:HAL_CAN_TxMailbox2CompleteCallback	16	static
../Drivers/STM32F4xx_HAL_Driver/Src/stm32f4xx_hal_can.c:2185:13:HAL_CAN_TxMailbox0AbortCallback	16	static
../Drivers/STM32F4xx_HAL_Driver/Src/stm32f4xx_hal_can.c:2202:13:HAL_CAN_TxMailbox1AbortCallback	16	static
../Drivers/STM32F4xx_HAL_Driver/Src/stm32f4xx_hal_can.c:2219:13:HAL_CAN_TxMailbox2AbortCallback	16	static
../Drivers/STM32F4xx_HAL_Driver/Src/stm32f4xx_hal_can.c:2236:13:HAL_CAN_RxFifo0MsgPendingCallback	16	static
../Drivers/STM32F4xx_HAL_Driver/Src/stm32f4xx_hal_can.c:2253:13:HAL_CAN_RxFifo0FullCallback	16	static
../Drivers/STM32F4xx_HAL_Driver/Src/stm32f4xx_hal_can.c:2270:13:HAL_CAN_RxFifo1MsgPendingCallback	16	static
../Drivers/STM32F4xx_HAL_Driver/Src/stm32f4xx_hal_can.c:2287:13:HAL_CAN_RxFifo1FullCallback	16	static
../Drivers/STM32F4xx_HAL_Driver/Src/stm32f4xx_hal_can.c:2304:13:HAL_CAN_SleepCallback	16	static
../Drivers/STM32F4xx_HAL_Driver/Src/stm32f4xx_hal_can.c:2320:13:HAL_CAN_WakeUpFromRxMsgCallback	16	static
../Drivers/STM32F4xx_HAL_Driver/Src/stm32f4xx_hal_can.c:2337:13:HAL_CAN_ErrorCallback	16	static
../Drivers/STM32F4xx_HAL_Driver/Src/stm32f4xx_hal_can.c:2374:22:HAL_CAN_GetState	24	static
../Drivers/STM32F4xx_HAL_Driver/Src/stm32f4xx_hal_can.c:2409:10:HAL_CAN_GetError	16	static
../Drivers/STM32F4xx_HAL_Driver/Src/stm32f4xx_hal_can.c:2421:19:HAL_CAN_ResetError	24	static
