../Drivers/STM32F4xx_HAL_Driver/Src/stm32f4xx_hal_pwr.c:90:6:HAL_PWR_DeInit	4	static
../Drivers/STM32F4xx_HAL_Driver/Src/stm32f4xx_hal_pwr.c:108:6:HAL_PWR_EnableBkUpAccess	16	static
../Drivers/STM32F4xx_HAL_Driver/Src/stm32f4xx_hal_pwr.c:128:6:HAL_PWR_DisableBkUpAccess	16	static
../Drivers/STM32F4xx_HAL_Driver/Src/stm32f4xx_hal_pwr.c:266:6:HAL_PWR_ConfigPVD	16	static
../Drivers/STM32F4xx_HAL_Driver/Src/stm32f4xx_hal_pwr.c:309:6:HAL_PWR_EnablePVD	4	static
../Drivers/STM32F4xx_HAL_Driver/Src/stm32f4xx_hal_pwr.c:318:6:HAL_PWR_DisablePVD	4	static
../Drivers/STM32F4xx_HAL_Driver/Src/stm32f4xx_hal_pwr.c:332:6:HAL_PWR_EnableWakeUpPin	16	static
../Drivers/STM32F4xx_HAL_Driver/Src/stm32f4xx_hal_pwr.c:350:6:HAL_PWR_DisableWakeUpPin	16	static
../Drivers/STM32F4xx_HAL_Driver/Src/stm32f4xx_hal_pwr.c:379:6:HAL_PWR_EnterSLEEPMode	16	static,ignoring_inline_asm
../Drivers/STM32F4xx_HAL_Driver/Src/stm32f4xx_hal_pwr.c:422:6:HAL_PWR_EnterSTOPMode	16	static,ignoring_inline_asm
../Drivers/STM32F4xx_HAL_Driver/Src/stm32f4xx_hal_pwr.c:461:6:HAL_PWR_EnterSTANDBYMode	4	static,ignoring_inline_asm
../Drivers/STM32F4xx_HAL_Driver/Src/stm32f4xx_hal_pwr.c:482:6:HAL_PWR_PVD_IRQHandler	8	static
../Drivers/STM32F4xx_HAL_Driver/Src/stm32f4xx_hal_pwr.c:499:13:HAL_PWR_PVDCallback	4	static
../Drivers/STM32F4xx_HAL_Driver/Src/stm32f4xx_hal_pwr.c:514:6:HAL_PWR_EnableSleepOnExit	4	static
../Drivers/STM32F4xx_HAL_Driver/Src/stm32f4xx_hal_pwr.c:526:6:HAL_PWR_DisableSleepOnExit	4	static
../Drivers/STM32F4xx_HAL_Driver/Src/stm32f4xx_hal_pwr.c:538:6:HAL_PWR_EnableSEVOnPend	4	static
../Drivers/STM32F4xx_HAL_Driver/Src/stm32f4xx_hal_pwr.c:550:6:HAL_PWR_DisableSEVOnPend	4	static
