../Drivers/STM32F4xx_HAL_Driver/Src/stm32f4xx_hal_adc_ex.c:146:19:HAL_ADCEx_InjectedStart	32	static
../Drivers/STM32F4xx_HAL_Driver/Src/stm32f4xx_hal_adc_ex.c:249:19:HAL_ADCEx_InjectedStart_IT	32	static
../Drivers/STM32F4xx_HAL_Driver/Src/stm32f4xx_hal_adc_ex.c:360:19:HAL_ADCEx_InjectedStop	24	static
../Drivers/STM32F4xx_HAL_Driver/Src/stm32f4xx_hal_adc_ex.c:414:19:HAL_ADCEx_InjectedPollForConversion	24	static
../Drivers/STM32F4xx_HAL_Driver/Src/stm32f4xx_hal_adc_ex.c:485:19:HAL_ADCEx_InjectedStop_IT	24	static
../Drivers/STM32F4xx_HAL_Driver/Src/stm32f4xx_hal_adc_ex.c:547:10:HAL_ADCEx_InjectedGetValue	24	static
../Drivers/STM32F4xx_HAL_Driver/Src/stm32f4xx_hal_adc_ex.c:598:19:HAL_ADCEx_MultiModeStart_DMA	32	static
../Drivers/STM32F4xx_HAL_Driver/Src/stm32f4xx_hal_adc_ex.c:725:19:HAL_ADCEx_MultiModeStop_DMA	24	static
../Drivers/STM32F4xx_HAL_Driver/Src/stm32f4xx_hal_adc_ex.c:778:10:HAL_ADCEx_MultiModeGetValue	24	static
../Drivers/STM32F4xx_HAL_Driver/Src/stm32f4xx_hal_adc_ex.c:797:13:HAL_ADCEx_InjectedConvCpltCallback	16	static
../Drivers/STM32F4xx_HAL_Driver/Src/stm32f4xx_hal_adc_ex.c:814:19:HAL_ADCEx_InjectedConfigChannel	24	static
../Drivers/STM32F4xx_HAL_Driver/Src/stm32f4xx_hal_adc_ex.c:978:19:HAL_ADCEx_MultiModeConfigChannel	24	static
../Drivers/STM32F4xx_HAL_Driver/Src/stm32f4xx_hal_adc_ex.c:1025:13:ADC_MultiModeDMAConvCplt	24	static
../Drivers/STM32F4xx_HAL_Driver/Src/stm32f4xx_hal_adc_ex.c:1078:13:ADC_MultiModeDMAHalfConvCplt	24	static
../Drivers/STM32F4xx_HAL_Driver/Src/stm32f4xx_hal_adc_ex.c:1091:13:ADC_MultiModeDMAError	24	static
