../Drivers/STM32F4xx_HAL_Driver/Src/stm32f4xx_hal_adc.c:311:19:HAL_ADC_Init	24	static
../Drivers/STM32F4xx_HAL_Driver/Src/stm32f4xx_hal_adc.c:405:19:HAL_ADC_DeInit	24	static
../Drivers/STM32F4xx_HAL_Driver/Src/stm32f4xx_hal_adc.c:662:13:HAL_ADC_MspInit	16	static
../Drivers/STM32F4xx_HAL_Driver/Src/stm32f4xx_hal_adc.c:677:13:HAL_ADC_MspDeInit	16	static
../Drivers/STM32F4xx_HAL_Driver/Src/stm32f4xx_hal_adc.c:716:19:HAL_ADC_Start	24	static
../Drivers/STM32F4xx_HAL_Driver/Src/stm32f4xx_hal_adc.c:839:19:HAL_ADC_Stop	16	static
../Drivers/STM32F4xx_HAL_Driver/Src/stm32f4xx_hal_adc.c:882:19:HAL_ADC_PollForConversion	24	static
../Drivers/STM32F4xx_HAL_Driver/Src/stm32f4xx_hal_adc.c:971:19:HAL_ADC_PollForEvent	32	static
../Drivers/STM32F4xx_HAL_Driver/Src/stm32f4xx_hal_adc.c:1037:19:HAL_ADC_Start_IT	24	static
../Drivers/STM32F4xx_HAL_Driver/Src/stm32f4xx_hal_adc.c:1162:19:HAL_ADC_Stop_IT	16	static
../Drivers/STM32F4xx_HAL_Driver/Src/stm32f4xx_hal_adc.c:1199:6:HAL_ADC_IRQHandler	32	static
../Drivers/STM32F4xx_HAL_Driver/Src/stm32f4xx_hal_adc.c:1364:19:HAL_ADC_Start_DMA	32	static
../Drivers/STM32F4xx_HAL_Driver/Src/stm32f4xx_hal_adc.c:1512:19:HAL_ADC_Stop_DMA	24	static
../Drivers/STM32F4xx_HAL_Driver/Src/stm32f4xx_hal_adc.c:1568:10:HAL_ADC_GetValue	16	static
../Drivers/STM32F4xx_HAL_Driver/Src/stm32f4xx_hal_adc.c:1580:13:HAL_ADC_ConvCpltCallback	16	static
../Drivers/STM32F4xx_HAL_Driver/Src/stm32f4xx_hal_adc.c:1595:13:HAL_ADC_ConvHalfCpltCallback	16	static
../Drivers/STM32F4xx_HAL_Driver/Src/stm32f4xx_hal_adc.c:1610:13:HAL_ADC_LevelOutOfWindowCallback	16	static
../Drivers/STM32F4xx_HAL_Driver/Src/stm32f4xx_hal_adc.c:1631:13:HAL_ADC_ErrorCallback	16	static
../Drivers/STM32F4xx_HAL_Driver/Src/stm32f4xx_hal_adc.c:1669:19:HAL_ADC_ConfigChannel	24	static
../Drivers/STM32F4xx_HAL_Driver/Src/stm32f4xx_hal_adc.c:1792:19:HAL_ADC_AnalogWDGConfig	16	static
../Drivers/STM32F4xx_HAL_Driver/Src/stm32f4xx_hal_adc.c:1874:10:HAL_ADC_GetState	16	static
../Drivers/STM32F4xx_HAL_Driver/Src/stm32f4xx_hal_adc.c:1886:10:HAL_ADC_GetError	16	static
../Drivers/STM32F4xx_HAL_Driver/Src/stm32f4xx_hal_adc.c:1906:13:ADC_Init	24	static
../Drivers/STM32F4xx_HAL_Driver/Src/stm32f4xx_hal_adc.c:1994:13:ADC_DMAConvCplt	24	static
../Drivers/STM32F4xx_HAL_Driver/Src/stm32f4xx_hal_adc.c:2063:13:ADC_DMAHalfConvCplt	24	static
../Drivers/STM32F4xx_HAL_Driver/Src/stm32f4xx_hal_adc.c:2080:13:ADC_DMAError	24	static
