../Drivers/STM32F4xx_HAL_Driver/Src/stm32f4xx_hal_dma.c:170:19:HAL_DMA_Init	32	static
../Drivers/STM32F4xx_HAL_Driver/Src/stm32f4xx_hal_dma.c:309:19:HAL_DMA_DeInit	24	static
../Drivers/STM32F4xx_HAL_Driver/Src/stm32f4xx_hal_dma.c:407:19:HAL_DMA_Start	32	static
../Drivers/STM32F4xx_HAL_Driver/Src/stm32f4xx_hal_dma.c:451:19:HAL_DMA_Start_IT	32	static
../Drivers/STM32F4xx_HAL_Driver/Src/stm32f4xx_hal_dma.c:513:19:HAL_DMA_Abort	24	static
../Drivers/STM32F4xx_HAL_Driver/Src/stm32f4xx_hal_dma.c:580:19:HAL_DMA_Abort_IT	16	static
../Drivers/STM32F4xx_HAL_Driver/Src/stm32f4xx_hal_dma.c:610:19:HAL_DMA_PollForTransfer	48	static
../Drivers/STM32F4xx_HAL_Driver/Src/stm32f4xx_hal_dma.c:746:6:HAL_DMA_IRQHandler	32	static
../Drivers/STM32F4xx_HAL_Driver/Src/stm32f4xx_hal_dma.c:967:19:HAL_DMA_RegisterCallback	32	static
../Drivers/STM32F4xx_HAL_Driver/Src/stm32f4xx_hal_dma.c:1029:19:HAL_DMA_UnRegisterCallback	24	static
../Drivers/STM32F4xx_HAL_Driver/Src/stm32f4xx_hal_dma.c:1114:22:HAL_DMA_GetState	16	static
../Drivers/STM32F4xx_HAL_Driver/Src/stm32f4xx_hal_dma.c:1125:10:HAL_DMA_GetError	16	static
../Drivers/STM32F4xx_HAL_Driver/Src/stm32f4xx_hal_dma.c:1151:13:DMA_SetConfig	24	static
../Drivers/STM32F4xx_HAL_Driver/Src/stm32f4xx_hal_dma.c:1185:17:DMA_CalcBaseAndBitshift	24	static
../Drivers/STM32F4xx_HAL_Driver/Src/stm32f4xx_hal_dma.c:1213:26:DMA_CheckFifoParam	24	static
