../Drivers/CMSIS/Include/core_cm4.h:1939:34:__NVIC_SystemReset	4	static,ignoring_inline_asm
../Core/Src/main.c:91:28:cppmain	8	static
../Core/Src/main.c:135:5:main	8	static
../Core/Src/main.c:241:6:SystemClock_Config	88	static
../Core/Src/main.c:287:13:MX_NVIC_Init	8	static
../Core/Src/main.c:305:13:MX_ADC1_Init	24	static
../Core/Src/main.c:402:13:MX_ADC2_Init	24	static
../Core/Src/main.c:463:13:MX_CAN1_Init	8	static
../Core/Src/main.c:507:13:MX_I2C1_Init	8	static
../Core/Src/main.c:541:13:MX_IWDG_Init	8	static
../Core/Src/main.c:569:13:MX_SPI1_Init	8	static
../Core/Src/main.c:607:13:MX_SPI2_Init	8	static
../Core/Src/main.c:645:13:MX_SPI3_Init	8	static
../Core/Src/main.c:683:13:MX_TIM1_Init	96	static
../Core/Src/main.c:770:13:MX_TIM2_Init	72	static
../Core/Src/main.c:844:13:MX_TIM3_Init	56	static
../Core/Src/main.c:893:13:MX_TIM4_Init	32	static
../Core/Src/main.c:938:13:MX_TIM5_Init	72	static
../Core/Src/main.c:1012:13:MX_TIM6_Init	16	static
../Core/Src/main.c:1050:13:MX_TIM9_Init	24	static
../Core/Src/main.c:1088:13:MX_TIM10_Init	8	static
../Core/Src/main.c:1119:13:MX_TIM13_Init	8	static
../Core/Src/main.c:1150:13:MX_USART1_UART_Init	8	static
../Core/Src/main.c:1183:13:MX_USART3_UART_Init	8	static
../Core/Src/main.c:1216:6:MX_USB_OTG_FS_PCD_Init	8	static
../Core/Src/main.c:1249:13:MX_DMA_Init	16	static
../Core/Src/main.c:1286:13:MX_GPIO_Init	56	static
../Core/Src/main.c:1431:6:ExitDFU	8	static
../Core/Src/main.c:1436:6:RebootDFU	8	static
../Core/Src/main.c:1449:13:StartDefaultTask	16	static
../Core/Src/main.c:1471:6:HAL_TIM_PeriodElapsedCallback	16	static
../Core/Src/main.c:1490:6:Error_Handler	8	static
