../Core/Src/stm32f4xx_hal_msp.c:80:6:HAL_MspInit	16	static
../Core/Src/stm32f4xx_hal_msp.c:104:6:HAL_ADC_MspInit	56	static
../Core/Src/stm32f4xx_hal_msp.c:208:6:HAL_ADC_MspDeInit	16	static
../Core/Src/stm32f4xx_hal_msp.c:265:6:HAL_CAN_MspInit	48	static
../Core/Src/stm32f4xx_hal_msp.c:306:6:HAL_CAN_MspDeInit	16	static
../Core/Src/stm32f4xx_hal_msp.c:338:6:HAL_I2C_MspInit	48	static
../Core/Src/stm32f4xx_hal_msp.c:379:6:HAL_I2C_MspDeInit	16	static
../Core/Src/stm32f4xx_hal_msp.c:413:6:HAL_SPI_MspInit	64	static
../Core/Src/stm32f4xx_hal_msp.c:617:6:HAL_SPI_MspDeInit	16	static
../Core/Src/stm32f4xx_hal_msp.c:700:6:HAL_TIM_Base_MspInit	80	static
../Core/Src/stm32f4xx_hal_msp.c:842:6:HAL_TIM_Encoder_MspInit	48	static
../Core/Src/stm32f4xx_hal_msp.c:872:6:HAL_TIM_MspPostInit	40	static
../Core/Src/stm32f4xx_hal_msp.c:907:6:HAL_TIM_Base_MspDeInit	16	static
../Core/Src/stm32f4xx_hal_msp.c:1051:6:HAL_TIM_Encoder_MspDeInit	16	static
../Core/Src/stm32f4xx_hal_msp.c:1082:6:HAL_UART_MspInit	56	static
../Core/Src/stm32f4xx_hal_msp.c:1148:6:HAL_UART_MspDeInit	16	static
../Core/Src/stm32f4xx_hal_msp.c:1199:6:HAL_PCD_MspInit	48	static
../Core/Src/stm32f4xx_hal_msp.c:1244:6:HAL_PCD_MspDeInit	16	static
