../Core/Src/stm32f4xx_it.c:93:6:NMI_Handler	4	static
../Core/Src/stm32f4xx_it.c:108:6:HardFault_Handler	4	static
../Core/Src/stm32f4xx_it.c:123:6:MemManage_Handler	4	static
../Core/Src/stm32f4xx_it.c:138:6:BusFault_Handler	4	static
../Core/Src/stm32f4xx_it.c:153:6:UsageFault_Handler	4	static
../Core/Src/stm32f4xx_it.c:168:6:DebugMon_Handler	4	static
../Core/Src/stm32f4xx_it.c:188:6:EXTI2_IRQHandler	8	static
../Core/Src/stm32f4xx_it.c:202:6:DMA1_Stream2_IRQHandler	8	static
../Core/Src/stm32f4xx_it.c:216:6:DMA1_Stream3_IRQHandler	8	static
../Core/Src/stm32f4xx_it.c:230:6:DMA1_Stream4_IRQHandler	8	static
../Core/Src/stm32f4xx_it.c:244:6:DMA1_Stream5_IRQHandler	8	static
../Core/Src/stm32f4xx_it.c:258:6:CAN1_TX_IRQHandler	8	static
../Core/Src/stm32f4xx_it.c:272:6:CAN1_RX0_IRQHandler	8	static
../Core/Src/stm32f4xx_it.c:286:6:EXTI9_5_IRQHandler	8	static
../Core/Src/stm32f4xx_it.c:301:6:TIM1_BRK_TIM9_IRQHandler	8	static
../Core/Src/stm32f4xx_it.c:316:6:TIM2_IRQHandler	8	static
../Core/Src/stm32f4xx_it.c:330:6:TIM3_IRQHandler	8	static
../Core/Src/stm32f4xx_it.c:344:6:TIM4_IRQHandler	8	static
../Core/Src/stm32f4xx_it.c:358:6:I2C1_EV_IRQHandler	8	static
../Core/Src/stm32f4xx_it.c:372:6:I2C1_ER_IRQHandler	8	static
../Core/Src/stm32f4xx_it.c:386:6:SPI2_IRQHandler	8	static
../Core/Src/stm32f4xx_it.c:400:6:USART1_IRQHandler	8	static
../Core/Src/stm32f4xx_it.c:414:6:USART3_IRQHandler	8	static
../Core/Src/stm32f4xx_it.c:428:6:TIM8_UP_TIM13_IRQHandler	8	static
../Core/Src/stm32f4xx_it.c:442:6:TIM5_IRQHandler	8	static
../Core/Src/stm32f4xx_it.c:456:6:SPI3_IRQHandler	8	static
../Core/Src/stm32f4xx_it.c:470:6:TIM6_DAC_IRQHandler	8	static
../Core/Src/stm32f4xx_it.c:484:6:TIM7_IRQHandler	8	static
../Core/Src/stm32f4xx_it.c:498:6:DMA2_Stream0_IRQHandler	8	static
../Core/Src/stm32f4xx_it.c:512:6:DMA2_Stream2_IRQHandler	8	static
../Core/Src/stm32f4xx_it.c:526:6:DMA2_Stream3_IRQHandler	8	static
../Core/Src/stm32f4xx_it.c:540:6:DMA2_Stream4_IRQHandler	8	static
../Core/Src/stm32f4xx_it.c:554:6:OTG_FS_IRQHandler	4	static
