Archive member included to satisfy reference by file (symbol)

c:/st/stm32cubeide_1.10.1/stm32cubeide/plugins/com.st.stm32cube.ide.mcu.externaltools.gnu-tools-for-stm32.10.3-2021.10.win32_1.0.0.202111181127/tools/bin/../lib/gcc/arm-none-eabi/10.3.1/../../../../arm-none-eabi/lib/thumb/v7e-m+fp/hard\libstdc++_nano.a(del_ops.o)
                              ./Core/Src/cpp_target_config.o (operator delete(void*, unsigned int))
c:/st/stm32cubeide_1.10.1/stm32cubeide/plugins/com.st.stm32cube.ide.mcu.externaltools.gnu-tools-for-stm32.10.3-2021.10.win32_1.0.0.202111181127/tools/bin/../lib/gcc/arm-none-eabi/10.3.1/../../../../arm-none-eabi/lib/thumb/v7e-m+fp/hard\libstdc++_nano.a(new_op.o)
                              ./Core/Src/cpp_target_config.o (operator new(unsigned int))
c:/st/stm32cubeide_1.10.1/stm32cubeide/plugins/com.st.stm32cube.ide.mcu.externaltools.gnu-tools-for-stm32.10.3-2021.10.win32_1.0.0.202111181127/tools/bin/../lib/gcc/arm-none-eabi/10.3.1/../../../../arm-none-eabi/lib/thumb/v7e-m+fp/hard\libstdc++_nano.a(functexcept.o)
                              ./Core/Src/cpp_target_config.o (std::__throw_bad_alloc())
c:/st/stm32cubeide_1.10.1/stm32cubeide/plugins/com.st.stm32cube.ide.mcu.externaltools.gnu-tools-for-stm32.10.3-2021.10.win32_1.0.0.202111181127/tools/bin/../lib/gcc/arm-none-eabi/10.3.1/../../../../arm-none-eabi/lib/thumb/v7e-m+fp/hard\libstdc++_nano.a(snprintf_lite.o)
                              c:/st/stm32cubeide_1.10.1/stm32cubeide/plugins/com.st.stm32cube.ide.mcu.externaltools.gnu-tools-for-stm32.10.3-2021.10.win32_1.0.0.202111181127/tools/bin/../lib/gcc/arm-none-eabi/10.3.1/../../../../arm-none-eabi/lib/thumb/v7e-m+fp/hard\libstdc++_nano.a(functexcept.o) (__gnu_cxx::__snprintf_lite(char*, unsigned int, char const*, std::__va_list))
c:/st/stm32cubeide_1.10.1/stm32cubeide/plugins/com.st.stm32cube.ide.mcu.externaltools.gnu-tools-for-stm32.10.3-2021.10.win32_1.0.0.202111181127/tools/bin/../lib/gcc/arm-none-eabi/10.3.1/../../../../arm-none-eabi/lib/thumb/v7e-m+fp/hard\libstdc++_nano.a(del_op.o)
                              c:/st/stm32cubeide_1.10.1/stm32cubeide/plugins/com.st.stm32cube.ide.mcu.externaltools.gnu-tools-for-stm32.10.3-2021.10.win32_1.0.0.202111181127/tools/bin/../lib/gcc/arm-none-eabi/10.3.1/../../../../arm-none-eabi/lib/thumb/v7e-m+fp/hard\libstdc++_nano.a(del_ops.o) (operator delete(void*))
c:/st/stm32cubeide_1.10.1/stm32cubeide/plugins/com.st.stm32cube.ide.mcu.externaltools.gnu-tools-for-stm32.10.3-2021.10.win32_1.0.0.202111181127/tools/bin/../lib/gcc/arm-none-eabi/10.3.1/../../../../arm-none-eabi/lib/thumb/v7e-m+fp/hard\libstdc++_nano.a(new_handler.o)
                              c:/st/stm32cubeide_1.10.1/stm32cubeide/plugins/com.st.stm32cube.ide.mcu.externaltools.gnu-tools-for-stm32.10.3-2021.10.win32_1.0.0.202111181127/tools/bin/../lib/gcc/arm-none-eabi/10.3.1/../../../../arm-none-eabi/lib/thumb/v7e-m+fp/hard\libstdc++_nano.a(new_op.o) (std::get_new_handler())
c:/st/stm32cubeide_1.10.1/stm32cubeide/plugins/com.st.stm32cube.ide.mcu.externaltools.gnu-tools-for-stm32.10.3-2021.10.win32_1.0.0.202111181127/tools/bin/../lib/gcc/arm-none-eabi/10.3.1/../../../../arm-none-eabi/lib/thumb/v7e-m+fp/hard\libc.a(lib_a-abort.o)
                              c:/st/stm32cubeide_1.10.1/stm32cubeide/plugins/com.st.stm32cube.ide.mcu.externaltools.gnu-tools-for-stm32.10.3-2021.10.win32_1.0.0.202111181127/tools/bin/../lib/gcc/arm-none-eabi/10.3.1/../../../../arm-none-eabi/lib/thumb/v7e-m+fp/hard\libstdc++_nano.a(new_op.o) (abort)
c:/st/stm32cubeide_1.10.1/stm32cubeide/plugins/com.st.stm32cube.ide.mcu.externaltools.gnu-tools-for-stm32.10.3-2021.10.win32_1.0.0.202111181127/tools/bin/../lib/gcc/arm-none-eabi/10.3.1/../../../../arm-none-eabi/lib/thumb/v7e-m+fp/hard\libc.a(lib_a-errno.o)
                              ./Core/Src/syscalls.o (__errno)
c:/st/stm32cubeide_1.10.1/stm32cubeide/plugins/com.st.stm32cube.ide.mcu.externaltools.gnu-tools-for-stm32.10.3-2021.10.win32_1.0.0.202111181127/tools/bin/../lib/gcc/arm-none-eabi/10.3.1/../../../../arm-none-eabi/lib/thumb/v7e-m+fp/hard\libc.a(lib_a-exit.o)
                              c:/st/stm32cubeide_1.10.1/stm32cubeide/plugins/com.st.stm32cube.ide.mcu.externaltools.gnu-tools-for-stm32.10.3-2021.10.win32_1.0.0.202111181127/tools/bin/../lib/gcc/arm-none-eabi/10.3.1/../../../../arm-none-eabi/lib/thumb/v7e-m+fp/hard/crt0.o (exit)
c:/st/stm32cubeide_1.10.1/stm32cubeide/plugins/com.st.stm32cube.ide.mcu.externaltools.gnu-tools-for-stm32.10.3-2021.10.win32_1.0.0.202111181127/tools/bin/../lib/gcc/arm-none-eabi/10.3.1/../../../../arm-none-eabi/lib/thumb/v7e-m+fp/hard\libc.a(lib_a-impure.o)
                              c:/st/stm32cubeide_1.10.1/stm32cubeide/plugins/com.st.stm32cube.ide.mcu.externaltools.gnu-tools-for-stm32.10.3-2021.10.win32_1.0.0.202111181127/tools/bin/../lib/gcc/arm-none-eabi/10.3.1/../../../../arm-none-eabi/lib/thumb/v7e-m+fp/hard\libc.a(lib_a-exit.o) (_global_impure_ptr)
[...]
Memory Configuration

Name             Origin             Length             Attributes
CCMRAM           0x0000000010000000 0x0000000000010000 xrw
RAM              0x0000000020000000 0x0000000000020000 xrw
FLASH            0x0000000008000000 0x0000000000080000 xr
*default*        0x0000000000000000 0xffffffffffffffff

Linker script and memory map

LOAD c:/st/stm32cubeide_1.10.1/stm32cubeide/plugins/com.st.stm32cube.ide.mcu.externaltools.gnu-tools-for-stm32.10.3-2021.10.win32_1.0.0.202111181127/tools/bin/../lib/gcc/arm-none-eabi/10.3.1/thumb/v7e-m+fp/hard/crti.o
LOAD c:/st/stm32cubeide_1.10.1/stm32cubeide/plugins/com.st.stm32cube.ide.mcu.externaltools.gnu-tools-for-stm32.10.3-2021.10.win32_1.0.0.202111181127/tools/bin/../lib/gcc/arm-none-eabi/10.3.1/thumb/v7e-m+fp/hard/crtbegin.o
LOAD c:/st/stm32cubeide_1.10.1/stm32cubeide/plugins/com.st.stm32cube.ide.mcu.externaltools.gnu-tools-for-stm32.10.3-2021.10.win32_1.0.0.202111181127/tools/bin/../lib/gcc/arm-none-eabi/10.3.1/../../../../arm-none-eabi/lib/thumb/v7e-m+fp/hard/crt0.o
LOAD ./Core/Src/cpp_target_config.o
LOAD ./Core/Src/freertos.o
LOAD ./Core/Src/main.o
LOAD ./Core/Src/stm32f4xx_hal_msp.o
LOAD ./Core/Src/stm32f4xx_hal_timebase_tim.o
LOAD ./Core/Src/stm32f4xx_it.o
LOAD ./Core/Src/syscalls.o
LOAD ./Core/Src/sysmem.o
LOAD ./Core/Src/system_stm32f4xx.o
LOAD ./Core/Startup/startup_stm32f407vetx.o
LOAD ./Core/ThreadSafe/newlib_lock_glue.o
LOAD ./Drivers/STM32F4xx_HAL_Driver/Src/stm32f4xx_hal.o
LOAD ./Drivers/STM32F4xx_HAL_Driver/Src/stm32f4xx_hal_adc.o
LOAD ./Drivers/STM32F4xx_HAL_Driver/Src/stm32f4xx_hal_adc_ex.o
LOAD ./Drivers/STM32F4xx_HAL_Driver/Src/stm32f4xx_hal_can.o
LOAD ./Drivers/STM32F4xx_HAL_Driver/Src/stm32f4xx_hal_cortex.o
LOAD ./Drivers/STM32F4xx_HAL_Driver/Src/stm32f4xx_hal_dma.o
LOAD ./Drivers/STM32F4xx_HAL_Driver/Src/stm32f4xx_hal_dma_ex.o
LOAD ./Drivers/STM32F4xx_HAL_Driver/Src/stm32f4xx_hal_exti.o
LOAD ./Drivers/STM32F4xx_HAL_Driver/Src/stm32f4xx_hal_flash.o
LOAD ./Drivers/STM32F4xx_HAL_Driver/Src/stm32f4xx_hal_flash_ex.o
LOAD ./Drivers/STM32F4xx_HAL_Driver/Src/stm32f4xx_hal_flash_ramfunc.o
LOAD ./Drivers/STM32F4xx_HAL_Driver/Src/stm32f4xx_hal_gpio.o
LOAD ./Drivers/STM32F4xx_HAL_Driver/Src/stm32f4xx_hal_i2c.o
LOAD ./Drivers/STM32F4xx_HAL_Driver/Src/stm32f4xx_hal_i2c_ex.o
LOAD ./Drivers/STM32F4xx_HAL_Driver/Src/stm32f4xx_hal_iwdg.o
LOAD ./Drivers/STM32F4xx_HAL_Driver/Src/stm32f4xx_hal_pcd.o
LOAD ./Drivers/STM32F4xx_HAL_Driver/Src/stm32f4xx_hal_pcd_ex.o
LOAD ./Drivers/STM32F4xx_HAL_Driver/Src/stm32f4xx_hal_pwr.o
LOAD ./Drivers/STM32F4xx_HAL_Driver/Src/stm32f4xx_hal_pwr_ex.o
LOAD ./Drivers/STM32F4xx_HAL_Driver/Src/stm32f4xx_hal_rcc.o
LOAD ./Drivers/STM32F4xx_HAL_Driver/Src/stm32f4xx_hal_rcc_ex.o
LOAD ./Drivers/STM32F4xx_HAL_Driver/Src/stm32f4xx_hal_spi.o
LOAD ./Drivers/STM32F4xx_HAL_Driver/Src/stm32f4xx_hal_tim.o
LOAD ./Drivers/STM32F4xx_HAL_Driver/Src/stm32f4xx_hal_tim_ex.o
LOAD ./Drivers/STM32F4xx_HAL_Driver/Src/stm32f4xx_hal_uart.o
LOAD ./Drivers/STM32F4xx_HAL_Driver/Src/stm32f4xx_ll_adc.o
LOAD ./Drivers/STM32F4xx_HAL_Driver/Src/stm32f4xx_ll_usb.o
LOAD ./Middlewares/Third_Party/FreeRTOS/Source/CMSIS_RTOS_V2/cmsis_os2.o
LOAD ./Middlewares/Third_Party/FreeRTOS/Source/croutine.o
LOAD ./Middlewares/Third_Party/FreeRTOS/Source/event_groups.o
LOAD ./Middlewares/Third_Party/FreeRTOS/Source/list.o
LOAD ./Middlewares/Third_Party/FreeRTOS/Source/queue.o
LOAD ./Middlewares/Third_Party/FreeRTOS/Source/stream_buffer.o
LOAD ./Middlewares/Third_Party/FreeRTOS/Source/tasks.o
LOAD ./Middlewares/Third_Party/FreeRTOS/Source/timers.o
LOAD ./Middlewares/Third_Party/FreeRTOS/Source/portable/GCC/ARM_CM4F/port.o
LOAD ./Middlewares/Third_Party/FreeRTOS/Source/portable/MemMang/heap_4.o
START GROUP
LOAD c:/st/stm32cubeide_1.10.1/stm32cubeide/plugins/com.st.stm32cube.ide.mcu.externaltools.gnu-tools-for-stm32.10.3-2021.10.win32_1.0.0.202111181127/tools/bin/../lib/gcc/arm-none-eabi/10.3.1/../../../../arm-none-eabi/lib/thumb/v7e-m+fp/hard\libstdc++_nano.a
LOAD c:/st/stm32cubeide_1.10.1/stm32cubeide/plugins/com.st.stm32cube.ide.mcu.externaltools.gnu-tools-for-stm32.10.3-2021.10.win32_1.0.0.202111181127/tools/bin/../lib/gcc/arm-none-eabi/10.3.1/../../../../arm-none-eabi/lib/thumb/v7e-m+fp/hard\libsupc++_nano.a
END GROUP
LOAD c:/st/stm32cubeide_1.10.1/stm32cubeide/plugins/com.st.stm32cube.ide.mcu.externaltools.gnu-tools-for-stm32.10.3-2021.10.win32_1.0.0.202111181127/tools/bin/../lib/gcc/arm-none-eabi/10.3.1/../../../../arm-none-eabi/lib/thumb/v7e-m+fp/hard\libstdc++_nano.a
LOAD c:/st/stm32cubeide_1.10.1/stm32cubeide/plugins/com.st.stm32cube.ide.mcu.externaltools.gnu-tools-for-stm32.10.3-2021.10.win32_1.0.0.202111181127/tools/bin/../lib/gcc/arm-none-eabi/10.3.1/../../../../arm-none-eabi/lib/thumb/v7e-m+fp/hard\libm.a
LOAD c:/st/stm32cubeide_1.10.1/stm32cubeide/plugins/com.st.stm32cube.ide.mcu.externaltools.gnu-tools-for-stm32.10.3-2021.10.win32_1.0.0.202111181127/tools/bin/../lib/gcc/arm-none-eabi/10.3.1/../../../../arm-none-eabi/lib/thumb/v7e-m+fp/hard\libc.a
START GROUP
LOAD c:/st/stm32cubeide_1.10.1/stm32cubeide/plugins/com.st.stm32cube.ide.mcu.externaltools.gnu-tools-for-stm32.10.3-2021.10.win32_1.0.0.202111181127/tools/bin/../lib/gcc/arm-none-eabi/10.3.1/thumb/v7e-m+fp/hard\libgcc.a
LOAD c:/st/stm32cubeide_1.10.1/stm32cubeide/plugins/com.st.stm32cube.ide.mcu.externaltools.gnu-tools-for-stm32.10.3-2021.10.win32_1.0.0.202111181127/tools/bin/../lib/gcc/arm-none-eabi/10.3.1/../../../../arm-none-eabi/lib/thumb/v7e-m+fp/hard\libc.a
END GROUP
START GROUP
LOAD c:/st/stm32cubeide_1.10.1/stm32cubeide/plugins/com.st.stm32cube.ide.mcu.externaltools.gnu-tools-for-stm32.10.3-2021.10.win32_1.0.0.202111181127/tools/bin/../lib/gcc/arm-none-eabi/10.3.1/thumb/v7e-m+fp/hard\libgcc.a
LOAD c:/st/stm32cubeide_1.10.1/stm32cubeide/plugins/com.st.stm32cube.ide.mcu.externaltools.gnu-tools-for-stm32.10.3-2021.10.win32_1.0.0.202111181127/tools/bin/../lib/gcc/arm-none-eabi/10.3.1/../../../../arm-none-eabi/lib/thumb/v7e-m+fp/hard\libc.a
END GROUP
LOAD c:/st/stm32cubeide_1.10.1/stm32cubeide/plugins/com.st.stm32cube.ide.mcu.externaltools.gnu-tools-for-stm32.10.3-2021.10.win32_1.0.0.202111181127/tools/bin/../lib/gcc/arm-none-eabi/10.3.1/thumb/v7e-m+fp/hard/crtend.o
LOAD c:/st/stm32cubeide_1.10.1/stm32cubeide/plugins/com.st.stm32cube.ide.mcu.externaltools.gnu-tools-for-stm32.10.3-2021.10.win32_1.0.0.202111181127/tools/bin/../lib/gcc/arm-none-eabi/10.3.1/thumb/v7e-m+fp/hard/crtn.o
                0x0000000020020000                _estack = (ORIGIN (RAM) + LENGTH (RAM))
                0x0000000000000400                _Min_Heap_Size = 0x400
                0x0000000000000400                _Min_Stack_Size = 0x400

.isr_vector     0x0000000008000000      0x188
                0x0000000008000000                . = ALIGN (0x4)
 *(.isr_vector)
 .isr_vector    0x0000000008000000      0x188 ./Core/Startup/startup_stm32f407vetx.o
                0x0000000008000000                g_pfnVectors
                0x0000000008000188                . = ALIGN (0x4)

.text           0x0000000008000190     0xd694
                0x0000000008000190                . = ALIGN (0x4)
 *(.text)
 .text          0x0000000008000190       0x40 c:/st/stm32cubeide_1.10.1/stm32cubeide/plugins/com.st.stm32cube.ide.mcu.externaltools.gnu-tools-for-stm32.10.3-2021.10.win32_1.0.0.202111181127/tools/bin/../lib/gcc/arm-none-eabi/10.3.1/thumb/v7e-m+fp/hard/crtbegin.o
 .text          0x00000000080001d0       0x30 c:/st/stm32cubeide_1.10.1/stm32cubeide/plugins/com.st.stm32cube.ide.mcu.externaltools.gnu-tools-for-stm32.10.3-2021.10.win32_1.0.0.202111181127/tools/bin/../lib/gcc/arm-none-eabi/10.3.1/thumb/v7e-m+fp/hard\libgcc.a(_aeabi_uldivmod.o)
                0x00000000080001d0                __aeabi_uldivmod
 .text          0x0000000008000200      0x2d0 c:/st/stm32cubeide_1.10.1/stm32cubeide/plugins/com.st.stm32cube.ide.mcu.externaltools.gnu-tools-for-stm32.10.3-2021.10.win32_1.0.0.202111181127/tools/bin/../lib/gcc/arm-none-eabi/10.3.1/thumb/v7e-m+fp/hard\libgcc.a(_udivmoddi4.o)
                0x0000000008000200                __udivmoddi4
 .text          0x00000000080004d0        0x4 c:/st/stm32cubeide_1.10.1/stm32cubeide/plugins/com.st.stm32cube.ide.mcu.externaltools.gnu-tools-for-stm32.10.3-2021.10.win32_1.0.0.202111181127/tools/bin/../lib/gcc/arm-none-eabi/10.3.1/thumb/v7e-m+fp/hard\libgcc.a(_dvmd_tls.o)
                0x00000000080004d0                __aeabi_idiv0
                0x00000000080004d0                __aeabi_ldiv0
 *(.text*)
 .text._ZnwjPv  0x00000000080004d4       0x18 ./Core/Src/cpp_target_config.o
                0x00000000080004d4                operator new(unsigned int, void*)
 .text._ZSt3minIjERKT_S2_S2_
                0x00000000080004ec       0x28 ./Core/Src/cpp_target_config.o
                0x00000000080004ec                unsigned int const& std::min<unsigned int>(unsigned int const&, unsigned int const&)
 .text._ZN9OutputPinC2ER12GPIO_TypeDeft
                0x0000000008000514       0x28 ./Core/Src/cpp_target_config.o
                0x0000000008000514                OutputPin::OutputPin(GPIO_TypeDef&, unsigned short)
                0x0000000008000514                OutputPin::OutputPin(GPIO_TypeDef&, unsigned short)
 .text._ZNSaI9OutputPinEC2Ev
                0x000000000800053c       0x18 ./Core/Src/cpp_target_config.o
                0x000000000800053c                std::allocator<OutputPin>::allocator()
                0x000000000800053c                std::allocator<OutputPin>::allocator()
 .text._ZNSaI9OutputPinED2Ev
                0x0000000008000554       0x18 ./Core/Src/cpp_target_config.o
                0x0000000008000554                std::allocator<OutputPin>::~allocator()
                0x0000000008000554                std::allocator<OutputPin>::~allocator()
 .text._ZNSt6vectorI9OutputPinSaIS0_EEC2ESt16initializer_listIS0_ERKS1_
                0x000000000800056c       0x42 ./Core/Src/cpp_target_config.o
                0x000000000800056c                std::vector<OutputPin, std::allocator<OutputPin> >::vector(std::initializer_list<OutputPin>, std::allocator<OutputPin> const&)
                0x000000000800056c                std::vector<OutputPin, std::allocator<OutputPin> >::vector(std::initializer_list<OutputPin>, std::allocator<OutputPin> const&)
 .text._ZN9__gnu_cxx13new_allocatorI9OutputPinEC2Ev
                0x00000000080005ae       0x16 ./Core/Src/cpp_target_config.o
                0x00000000080005ae                __gnu_cxx::new_allocator<OutputPin>::new_allocator()
                0x00000000080005ae                __gnu_cxx::new_allocator<OutputPin>::new_allocator()
 .text._ZN9__gnu_cxx13new_allocatorI9OutputPinED2Ev
                0x00000000080005c4       0x16 ./Core/Src/cpp_target_config.o
                0x00000000080005c4                __gnu_cxx::new_allocator<OutputPin>::~new_allocator()
                0x00000000080005c4                __gnu_cxx::new_allocator<OutputPin>::~new_allocator()
 .text._ZNSt12_Vector_baseI9OutputPinSaIS0_EE12_Vector_implD2Ev
                0x00000000080005da       0x18 ./Core/Src/cpp_target_config.o
                0x00000000080005da                std::_Vector_base<OutputPin, std::allocator<OutputPin> >::_Vector_impl::~_Vector_impl()
                0x00000000080005da                std::_Vector_base<OutputPin, std::allocator<OutputPin> >::_Vector_impl::~_Vector_impl()
 .text._ZNSt12_Vector_baseI9OutputPinSaIS0_EEC2ERKS1_
                0x00000000080005f2       0x1e ./Core/Src/cpp_target_config.o
                0x00000000080005f2                std::_Vector_base<OutputPin, std::allocator<OutputPin> >::_Vector_base(std::allocator<OutputPin> const&)
                0x00000000080005f2                std::_Vector_base<OutputPin, std::allocator<OutputPin> >::_Vector_base(std::allocator<OutputPin> const&)
 .text._ZNSt12_Vector_baseI9OutputPinSaIS0_EED2Ev
                0x0000000008000610       0x32 ./Core/Src/cpp_target_config.o
                0x0000000008000610                std::_Vector_base<OutputPin, std::allocator<OutputPin> >::~_Vector_base()
                0x0000000008000610                std::_Vector_base<OutputPin, std::allocator<OutputPin> >::~_Vector_base()
 .text._ZNKSt16initializer_listI9OutputPinE5beginEv
                0x0000000008000642       0x18 ./Core/Src/cpp_target_config.o
                0x0000000008000642                std::initializer_list<OutputPin>::begin() const
 .text._ZNKSt16initializer_listI9OutputPinE3endEv
                0x000000000800065a       0x24 ./Core/Src/cpp_target_config.o
                0x000000000800065a                std::initializer_list<OutputPin>::end() const
 .text._ZSt8distanceIPK9OutputPinENSt15iterator_traitsIT_E15difference_typeES4_S4_
                0x000000000800067e       0x28 ./Core/Src/cpp_target_config.o
                0x000000000800067e                std::iterator_traits<OutputPin const*>::difference_type std::distance<OutputPin const*>(OutputPin const*, OutputPin const*)
 .text._ZNSt6vectorI9OutputPinSaIS0_EE19_M_range_initializeIPKS0_EEvT_S6_St20forward_iterator_tag
                0x00000000080006a6       0x72 ./Core/Src/cpp_target_config.o
                0x00000000080006a6                void std::vector<OutputPin, std::allocator<OutputPin> >::_M_range_initialize<OutputPin const*>(OutputPin const*, OutputPin const*, std::forward_iterator_tag)
 .text._ZNSt12_Vector_baseI9OutputPinSaIS0_EE12_Vector_implC2ERKS1_
                0x0000000008000718       0x24 ./Core/Src/cpp_target_config.o
                0x0000000008000718                std::_Vector_base<OutputPin, std::allocator<OutputPin> >::_Vector_impl::_Vector_impl(std::allocator<OutputPin> const&)
                0x0000000008000718                std::_Vector_base<OutputPin, std::allocator<OutputPin> >::_Vector_impl::_Vector_impl(std::allocator<OutputPin> const&)
 .text._ZNSt12_Vector_baseI9OutputPinSaIS0_EE13_M_deallocateEPS0_j
                0x000000000800073c       0x26 ./Core/Src/cpp_target_config.o
                0x000000000800073c                std::_Vector_base<OutputPin, std::allocator<OutputPin> >::_M_deallocate(OutputPin*, unsigned int)
 .text._ZNKSt16initializer_listI9OutputPinE4sizeEv
                0x0000000008000762       0x18 ./Core/Src/cpp_target_config.o
                0x0000000008000762                std::initializer_list<OutputPin>::size() const
 .text._ZSt19__iterator_categoryIPK9OutputPinENSt15iterator_traitsIT_E17iterator_categoryERKS4_
                0x000000000800077a       0x14 ./Core/Src/cpp_target_config.o
                0x000000000800077a                std::iterator_traits<OutputPin const*>::iterator_category std::__iterator_category<OutputPin const*>(OutputPin const* const&)
 .text._ZSt10__distanceIPK9OutputPinENSt15iterator_traitsIT_E15difference_typeES4_S4_St26random_access_iterator_tag
                0x000000000800078e       0x20 ./Core/Src/cpp_target_config.o
                0x000000000800078e                std::iterator_traits<OutputPin const*>::difference_type std::__distance<OutputPin const*>(OutputPin const*, OutputPin const*, std::random_access_iterator_tag)
 *fill*         0x00000000080007ae        0x2 
 .text._ZNSt6vectorI9OutputPinSaIS0_EE17_S_check_init_lenEjRKS1_
                0x00000000080007b0       0x50 ./Core/Src/cpp_target_config.o
                0x00000000080007b0                std::vector<OutputPin, std::allocator<OutputPin> >::_S_check_init_len(unsigned int, std::allocator<OutputPin> const&)
 .text._ZNSt12_Vector_baseI9OutputPinSaIS0_EE19_M_get_Tp_allocatorEv
                0x0000000008000800       0x16 ./Core/Src/cpp_target_config.o
                0x0000000008000800                std::_Vector_base<OutputPin, std::allocator<OutputPin> >::_M_get_Tp_allocator()
 .text._ZNSt12_Vector_baseI9OutputPinSaIS0_EE11_M_allocateEj
                0x0000000008000816       0x28 ./Core/Src/cpp_target_config.o
                0x0000000008000816                std::_Vector_base<OutputPin, std::allocator<OutputPin> >::_M_allocate(unsigned int)
 .text._ZSt22__uninitialized_copy_aIPK9OutputPinPS0_S0_ET0_T_S5_S4_RSaIT1_E
                0x000000000800083e       0x22 ./Core/Src/cpp_target_config.o
                0x000000000800083e                OutputPin* std::__uninitialized_copy_a<OutputPin const*, OutputPin*, OutputPin>(OutputPin const*, OutputPin const*, OutputPin*, std::allocator<OutputPin>&)
 .text._ZNSaI9OutputPinEC2ERKS0_
                0x0000000008000860       0x1c ./Core/Src/cpp_target_config.o
                0x0000000008000860                std::allocator<OutputPin>::allocator(std::allocator<OutputPin> const&)
                0x0000000008000860                std::allocator<OutputPin>::allocator(std::allocator<OutputPin> const&)
 .text._ZNSt12_Vector_baseI9OutputPinSaIS0_EE17_Vector_impl_dataC2Ev
                0x000000000800087c       0x28 ./Core/Src/cpp_target_config.o
                0x000000000800087c                std::_Vector_base<OutputPin, std::allocator<OutputPin> >::_Vector_impl_data::_Vector_impl_data()
                0x000000000800087c                std::_Vector_base<OutputPin, std::allocator<OutputPin> >::_Vector_impl_data::_Vector_impl_data()
 .text._ZNSt16allocator_traitsISaI9OutputPinEE10deallocateERS1_PS0_j
                0x00000000080008a4       0x1e ./Core/Src/cpp_target_config.o
                0x00000000080008a4                std::allocator_traits<std::allocator<OutputPin> >::deallocate(std::allocator<OutputPin>&, OutputPin*, unsigned int)
 .text._ZNSt6vectorI9OutputPinSaIS0_EE11_S_max_sizeERKS1_
                0x00000000080008c2       0x34 ./Core/Src/cpp_target_config.o
                0x00000000080008c2                std::vector<OutputPin, std::allocator<OutputPin> >::_S_max_size(std::allocator<OutputPin> const&)
 .text._ZNSt16allocator_traitsISaI9OutputPinEE8allocateERS1_j
                0x00000000080008f6       0x1e ./Core/Src/cpp_target_config.o
                0x00000000080008f6                std::allocator_traits<std::allocator<OutputPin> >::allocate(std::allocator<OutputPin>&, unsigned int)
 .text._ZSt18uninitialized_copyIPK9OutputPinPS0_ET0_T_S5_S4_
                0x0000000008000914       0x24 ./Core/Src/cpp_target_config.o
                0x0000000008000914                OutputPin* std::uninitialized_copy<OutputPin const*, OutputPin*>(OutputPin const*, OutputPin const*, OutputPin*)
 .text._ZN9__gnu_cxx13new_allocatorI9OutputPinEC2ERKS2_
                0x0000000008000938       0x18 ./Core/Src/cpp_target_config.o
                0x0000000008000938                __gnu_cxx::new_allocator<OutputPin>::new_allocator(__gnu_cxx::new_allocator<OutputPin> const&)
                0x0000000008000938                __gnu_cxx::new_allocator<OutputPin>::new_allocator(__gnu_cxx::new_allocator<OutputPin> const&)
 .text._ZN9__gnu_cxx13new_allocatorI9OutputPinE10deallocateEPS1_j
                0x0000000008000950       0x1e ./Core/Src/cpp_target_config.o
                0x0000000008000950                __gnu_cxx::new_allocator<OutputPin>::deallocate(OutputPin*, unsigned int)
 .text._ZNSt16allocator_traitsISaI9OutputPinEE8max_sizeERKS1_
                0x000000000800096e       0x18 ./Core/Src/cpp_target_config.o
                0x000000000800096e                std::allocator_traits<std::allocator<OutputPin> >::max_size(std::allocator<OutputPin> const&)
 .text._ZN9__gnu_cxx13new_allocatorI9OutputPinE8allocateEjPKv
                0x0000000008000986       0x3e ./Core/Src/cpp_target_config.o
                0x0000000008000986                __gnu_cxx::new_allocator<OutputPin>::allocate(unsigned int, void const*)
 .text._ZNSt20__uninitialized_copyILb0EE13__uninit_copyIPK9OutputPinPS2_EET0_T_S7_S6_
                0x00000000080009c4       0x40 ./Core/Src/cpp_target_config.o
                0x00000000080009c4                OutputPin* std::__uninitialized_copy<false>::__uninit_copy<OutputPin const*, OutputPin*>(OutputPin const*, OutputPin const*, OutputPin*)
 .text._ZNK9__gnu_cxx13new_allocatorI9OutputPinE8max_sizeEv
                0x0000000008000a04       0x18 ./Core/Src/cpp_target_config.o
                0x0000000008000a04                __gnu_cxx::new_allocator<OutputPin>::max_size() const
 .text._ZNK9__gnu_cxx13new_allocatorI9OutputPinE11_M_max_sizeEv
                0x0000000008000a1c       0x18 ./Core/Src/cpp_target_config.o
                0x0000000008000a1c                __gnu_cxx::new_allocator<OutputPin>::_M_max_size() const
 .text._ZSt11__addressofI9OutputPinEPT_RS1_
                0x0000000008000a34       0x16 ./Core/Src/cpp_target_config.o
                0x0000000008000a34                OutputPin* std::__addressof<OutputPin>(OutputPin&)
 .text._ZSt10_ConstructI9OutputPinJRKS0_EEvPT_DpOT0_
                0x0000000008000a4a       0x30 ./Core/Src/cpp_target_config.o
                0x0000000008000a4a                void std::_Construct<OutputPin, OutputPin const&>(OutputPin*, OutputPin const&)
 .text._ZSt8_DestroyIP9OutputPinEvT_S2_
                0x0000000008000a7a       0x1a ./Core/Src/cpp_target_config.o
                0x0000000008000a7a                void std::_Destroy<OutputPin*>(OutputPin*, OutputPin*)
 .text._ZSt7forwardIRK9OutputPinEOT_RNSt16remove_referenceIS3_E4typeE
                0x0000000008000a94       0x16 ./Core/Src/cpp_target_config.o
                0x0000000008000a94                OutputPin const& std::forward<OutputPin const&>(std::remove_reference<OutputPin const&>::type&)
 .text._ZNSt12_Destroy_auxILb1EE9__destroyIP9OutputPinEEvT_S4_
                0x0000000008000aaa       0x16 ./Core/Src/cpp_target_config.o
                0x0000000008000aaa                void std::_Destroy_aux<true>::__destroy<OutputPin*>(OutputPin*, OutputPin*)
 .text._ZN7SPIPortD2Ev
                0x0000000008000ac0       0x44 ./Core/Src/cpp_target_config.o
                0x0000000008000ac0                SPIPort::~SPIPort()
                0x0000000008000ac0                SPIPort::~SPIPort()
 .text._ZN7SPIPortD0Ev
                0x0000000008000b04       0x20 ./Core/Src/cpp_target_config.o
                0x0000000008000b04                SPIPort::~SPIPort()
 .text._Z41__static_initialization_and_destruction_0ii
                0x0000000008000b24      0x240 ./Core/Src/cpp_target_config.o
 .text._ZN12cpp_freertos15BinarySemaphoreD2Ev
                0x0000000008000d64       0x24 ./Core/Src/cpp_target_config.o
                0x0000000008000d64                cpp_freertos::BinarySemaphore::~BinarySemaphore()
                0x0000000008000d64                cpp_freertos::BinarySemaphore::~BinarySemaphore()
 .text._ZN12cpp_freertos15BinarySemaphoreD0Ev
                0x0000000008000d88       0x20 ./Core/Src/cpp_target_config.o
                0x0000000008000d88                cpp_freertos::BinarySemaphore::~BinarySemaphore()
 .text._ZNSt6vectorI9OutputPinSaIS0_EED2Ev
                0x0000000008000da8       0x36 ./Core/Src/cpp_target_config.o
                0x0000000008000da8                std::vector<OutputPin, std::allocator<OutputPin> >::~vector()
                0x0000000008000da8                std::vector<OutputPin, std::allocator<OutputPin> >::~vector()
 .text._ZSt8_DestroyIP9OutputPinS0_EvT_S2_RSaIT0_E
                0x0000000008000dde       0x1c ./Core/Src/cpp_target_config.o
                0x0000000008000dde                void std::_Destroy<OutputPin*, OutputPin>(OutputPin*, OutputPin*, std::allocator<OutputPin>&)
 .text._GLOBAL__sub_I_external_spi
                0x0000000008000dfa       0x10 ./Core/Src/cpp_target_config.o
 .text._GLOBAL__sub_D_external_spi
                0x0000000008000e0a       0x10 ./Core/Src/cpp_target_config.o
 .text.vApplicationIdleHook
                0x0000000008000e1a        0xe ./Core/Src/freertos.o
                0x0000000008000e1a                vApplicationIdleHook
 .text.vApplicationStackOverflowHook
                0x0000000008000e28       0x16 ./Core/Src/freertos.o
                0x0000000008000e28                vApplicationStackOverflowHook
 .text.vApplicationMallocFailedHook
                0x0000000008000e3e       0x26 ./Core/Src/freertos.o
                0x0000000008000e3e                vApplicationMallocFailedHook
 .text.cppmain  0x0000000008000e64        0xc ./Core/Src/main.o
                0x0000000008000e64                cppmain
 .text.main     0x0000000008000e70       0xbc ./Core/Src/main.o
                0x0000000008000e70                main
 .text.SystemClock_Config
                0x0000000008000f2c       0xd8 ./Core/Src/main.o
                0x0000000008000f2c                SystemClock_Config
 .text.MX_NVIC_Init
                0x0000000008001004       0x38 ./Core/Src/main.o
 .text.MX_ADC1_Init
                0x000000000800103c      0x130 ./Core/Src/main.o
 .text.MX_ADC2_Init
                0x000000000800116c       0xc0 ./Core/Src/main.o
 .text.MX_CAN1_Init
                0x000000000800122c       0x94 ./Core/Src/main.o
 .text.MX_I2C1_Init
                0x00000000080012c0       0x5c ./Core/Src/main.o
 .text.MX_IWDG_Init
                0x000000000800131c       0x34 ./Core/Src/main.o
 .text.MX_SPI1_Init
                0x0000000008001350       0x6c ./Core/Src/main.o
 .text.MX_SPI2_Init
                0x00000000080013bc       0x6c ./Core/Src/main.o
 .text.MX_SPI3_Init
                0x0000000008001428       0x6c ./Core/Src/main.o
 .text.MX_TIM1_Init
                0x0000000008001494      0x188 ./Core/Src/main.o
 .text.MX_TIM2_Init
                0x000000000800161c      0x138 ./Core/Src/main.o
 .text.MX_TIM3_Init
                0x0000000008001754       0xa8 ./Core/Src/main.o
 .text.MX_TIM4_Init
                0x00000000080017fc       0x9c ./Core/Src/main.o
 .text.MX_TIM5_Init
                0x0000000008001898      0x13c ./Core/Src/main.o
 .text.MX_TIM6_Init
                0x00000000080019d4       0x6c ./Core/Src/main.o
 .text.MX_TIM9_Init
                0x0000000008001a40       0x74 ./Core/Src/main.o
 .text.MX_TIM10_Init
                0x0000000008001ab4       0x48 ./Core/Src/main.o
 .text.MX_TIM13_Init
                0x0000000008001afc       0x48 ./Core/Src/main.o
 .text.MX_USART1_UART_Init
                0x0000000008001b44       0x54 ./Core/Src/main.o
 .text.MX_USART3_UART_Init
                0x0000000008001b98       0x54 ./Core/Src/main.o
 .text.MX_USB_OTG_FS_PCD_Init
                0x0000000008001bec       0x5c ./Core/Src/main.o
                0x0000000008001bec                MX_USB_OTG_FS_PCD_Init
 .text.MX_DMA_Init
                0x0000000008001c48       0xbc ./Core/Src/main.o
 .text.MX_GPIO_Init
                0x0000000008001d04      0x2f4 ./Core/Src/main.o
 .text.StartDefaultTask
                0x0000000008001ff8       0x34 ./Core/Src/main.o
                0x0000000008001ff8                StartDefaultTask
 .text.HAL_TIM_PeriodElapsedCallback
                0x000000000800202c       0x2c ./Core/Src/main.o
                0x000000000800202c                HAL_TIM_PeriodElapsedCallback
 .text.Error_Handler
                0x0000000008002058       0x18 ./Core/Src/main.o
                0x0000000008002058                Error_Handler
 .text.HAL_MspInit
                0x0000000008002070       0x58 ./Core/Src/stm32f4xx_hal_msp.o
                0x0000000008002070                HAL_MspInit
 .text.HAL_ADC_MspInit
                0x00000000080020c8      0x1f0 ./Core/Src/stm32f4xx_hal_msp.o
                0x00000000080020c8                HAL_ADC_MspInit
 .text.HAL_CAN_MspInit
                0x00000000080022b8       0xb0 ./Core/Src/stm32f4xx_hal_msp.o
                0x00000000080022b8                HAL_CAN_MspInit
 .text.HAL_I2C_MspInit
                0x0000000008002368       0xb0 ./Core/Src/stm32f4xx_hal_msp.o
                0x0000000008002368                HAL_I2C_MspInit
 .text.HAL_SPI_MspInit
                0x0000000008002418      0x3f0 ./Core/Src/stm32f4xx_hal_msp.o
                0x0000000008002418                HAL_SPI_MspInit
 .text.HAL_TIM_Base_MspInit
                0x0000000008002808      0x25c ./Core/Src/stm32f4xx_hal_msp.o
                0x0000000008002808                HAL_TIM_Base_MspInit
 .text.HAL_TIM_Encoder_MspInit
                0x0000000008002a64       0x90 ./Core/Src/stm32f4xx_hal_msp.o
                0x0000000008002a64                HAL_TIM_Encoder_MspInit
 .text.HAL_TIM_MspPostInit
                0x0000000008002af4       0x74 ./Core/Src/stm32f4xx_hal_msp.o
                0x0000000008002af4                HAL_TIM_MspPostInit
 .text.HAL_UART_MspInit
                0x0000000008002b68      0x118 ./Core/Src/stm32f4xx_hal_msp.o
                0x0000000008002b68                HAL_UART_MspInit
 .text.HAL_PCD_MspInit
                0x0000000008002c80       0xc4 ./Core/Src/stm32f4xx_hal_msp.o
                0x0000000008002c80                HAL_PCD_MspInit
 .text.HAL_InitTick
                0x0000000008002d44       0xf8 ./Core/Src/stm32f4xx_hal_timebase_tim.o
                0x0000000008002d44                HAL_InitTick
 .text.NMI_Handler
                0x0000000008002e3c        0x6 ./Core/Src/stm32f4xx_it.o
                0x0000000008002e3c                NMI_Handler
 .text.HardFault_Handler
                0x0000000008002e42        0x6 ./Core/Src/stm32f4xx_it.o
                0x0000000008002e42                HardFault_Handler
 .text.MemManage_Handler
                0x0000000008002e48        0x6 ./Core/Src/stm32f4xx_it.o
                0x0000000008002e48                MemManage_Handler
 .text.BusFault_Handler
                0x0000000008002e4e        0x6 ./Core/Src/stm32f4xx_it.o
                0x0000000008002e4e                BusFault_Handler
 .text.UsageFault_Handler
                0x0000000008002e54        0x6 ./Core/Src/stm32f4xx_it.o
                0x0000000008002e54                UsageFault_Handler
 .text.DebugMon_Handler
                0x0000000008002e5a        0xe ./Core/Src/stm32f4xx_it.o
                0x0000000008002e5a                DebugMon_Handler
 .text.EXTI2_IRQHandler
                0x0000000008002e68        0xe ./Core/Src/stm32f4xx_it.o
                0x0000000008002e68                EXTI2_IRQHandler
 *fill*         0x0000000008002e76        0x2 
 .text.DMA1_Stream2_IRQHandler
                0x0000000008002e78       0x14 ./Core/Src/stm32f4xx_it.o
                0x0000000008002e78                DMA1_Stream2_IRQHandler
 .text.DMA1_Stream3_IRQHandler
                0x0000000008002e8c       0x14 ./Core/Src/stm32f4xx_it.o
                0x0000000008002e8c                DMA1_Stream3_IRQHandler
 .text.DMA1_Stream4_IRQHandler
                0x0000000008002ea0       0x14 ./Core/Src/stm32f4xx_it.o
                0x0000000008002ea0                DMA1_Stream4_IRQHandler
 .text.DMA1_Stream5_IRQHandler
                0x0000000008002eb4       0x14 ./Core/Src/stm32f4xx_it.o
                0x0000000008002eb4                DMA1_Stream5_IRQHandler
 .text.CAN1_TX_IRQHandler
                0x0000000008002ec8       0x14 ./Core/Src/stm32f4xx_it.o
                0x0000000008002ec8                CAN1_TX_IRQHandler
 .text.CAN1_RX0_IRQHandler
                0x0000000008002edc       0x14 ./Core/Src/stm32f4xx_it.o
                0x0000000008002edc                CAN1_RX0_IRQHandler
 .text.EXTI9_5_IRQHandler
                0x0000000008002ef0       0x16 ./Core/Src/stm32f4xx_it.o
                0x0000000008002ef0                EXTI9_5_IRQHandler
 *fill*         0x0000000008002f06        0x2 
 .text.TIM1_BRK_TIM9_IRQHandler
                0x0000000008002f08       0x1c ./Core/Src/stm32f4xx_it.o
                0x0000000008002f08                TIM1_BRK_TIM9_IRQHandler
 .text.TIM2_IRQHandler
                0x0000000008002f24       0x14 ./Core/Src/stm32f4xx_it.o
                0x0000000008002f24                TIM2_IRQHandler
 .text.TIM3_IRQHandler
                0x0000000008002f38       0x14 ./Core/Src/stm32f4xx_it.o
                0x0000000008002f38                TIM3_IRQHandler
 .text.TIM4_IRQHandler
                0x0000000008002f4c       0x14 ./Core/Src/stm32f4xx_it.o
                0x0000000008002f4c                TIM4_IRQHandler
 .text.I2C1_EV_IRQHandler
                0x0000000008002f60       0x14 ./Core/Src/stm32f4xx_it.o
                0x0000000008002f60                I2C1_EV_IRQHandler
 .text.I2C1_ER_IRQHandler
                0x0000000008002f74       0x14 ./Core/Src/stm32f4xx_it.o
                0x0000000008002f74                I2C1_ER_IRQHandler
 .text.SPI2_IRQHandler
                0x0000000008002f88       0x14 ./Core/Src/stm32f4xx_it.o
                0x0000000008002f88                SPI2_IRQHandler
 .text.USART1_IRQHandler
                0x0000000008002f9c       0x14 ./Core/Src/stm32f4xx_it.o
                0x0000000008002f9c                USART1_IRQHandler
 .text.USART3_IRQHandler
                0x0000000008002fb0       0x14 ./Core/Src/stm32f4xx_it.o
                0x0000000008002fb0                USART3_IRQHandler
 .text.TIM8_UP_TIM13_IRQHandler
                0x0000000008002fc4       0x14 ./Core/Src/stm32f4xx_it.o
                0x0000000008002fc4                TIM8_UP_TIM13_IRQHandler
 .text.TIM5_IRQHandler
                0x0000000008002fd8       0x14 ./Core/Src/stm32f4xx_it.o
                0x0000000008002fd8                TIM5_IRQHandler
 .text.SPI3_IRQHandler
                0x0000000008002fec       0x14 ./Core/Src/stm32f4xx_it.o
                0x0000000008002fec                SPI3_IRQHandler
 .text.TIM6_DAC_IRQHandler
                0x0000000008003000       0x14 ./Core/Src/stm32f4xx_it.o
                0x0000000008003000                TIM6_DAC_IRQHandler
 .text.TIM7_IRQHandler
                0x0000000008003014       0x14 ./Core/Src/stm32f4xx_it.o
                0x0000000008003014                TIM7_IRQHandler
 .text.DMA2_Stream0_IRQHandler
                0x0000000008003028       0x14 ./Core/Src/stm32f4xx_it.o
                0x0000000008003028                DMA2_Stream0_IRQHandler
 .text.DMA2_Stream2_IRQHandler
                0x000000000800303c       0x14 ./Core/Src/stm32f4xx_it.o
                0x000000000800303c                DMA2_Stream2_IRQHandler
 .text.DMA2_Stream3_IRQHandler
                0x0000000008003050       0x14 ./Core/Src/stm32f4xx_it.o
                0x0000000008003050                DMA2_Stream3_IRQHandler
 .text.DMA2_Stream4_IRQHandler
                0x0000000008003064       0x14 ./Core/Src/stm32f4xx_it.o
                0x0000000008003064                DMA2_Stream4_IRQHandler
 .text.OTG_FS_IRQHandler
                0x0000000008003078        0xe ./Core/Src/stm32f4xx_it.o
                0x0000000008003078                OTG_FS_IRQHandler
 .text._getpid  0x0000000008003086       0x10 ./Core/Src/syscalls.o
                0x0000000008003086                _getpid
 .text._kill    0x0000000008003096       0x20 ./Core/Src/syscalls.o
                0x0000000008003096                _kill
 .text._exit    0x00000000080030b6       0x14 ./Core/Src/syscalls.o
                0x00000000080030b6                _exit
 *fill*         0x00000000080030ca        0x2 
 .text._sbrk    0x00000000080030cc       0x6c ./Core/Src/sysmem.o
                0x00000000080030cc                _sbrk
 .text.SystemInit
                0x0000000008003138       0x24 ./Core/Src/system_stm32f4xx.o
                0x0000000008003138                SystemInit
 .text.Reset_Handler
                0x000000000800315c       0x50 ./Core/Startup/startup_stm32f407vetx.o
                0x000000000800315c                Reset_Handler
 .text.Default_Handler
                0x00000000080031ac        0x2 ./Core/Startup/startup_stm32f407vetx.o
                0x00000000080031ac                RTC_Alarm_IRQHandler
                0x00000000080031ac                HASH_RNG_IRQHandler
                0x00000000080031ac                TIM8_CC_IRQHandler
                0x00000000080031ac                TIM1_CC_IRQHandler
                0x00000000080031ac                DMA2_Stream5_IRQHandler
                0x00000000080031ac                PVD_IRQHandler
                0x00000000080031ac                SDIO_IRQHandler
                0x00000000080031ac                TAMP_STAMP_IRQHandler
                0x00000000080031ac                CAN2_RX1_IRQHandler
                0x00000000080031ac                EXTI3_IRQHandler
                0x00000000080031ac                TIM8_TRG_COM_TIM14_IRQHandler
                0x00000000080031ac                TIM1_UP_TIM10_IRQHandler
                0x00000000080031ac                I2C3_ER_IRQHandler
                0x00000000080031ac                EXTI0_IRQHandler
                0x00000000080031ac                I2C2_EV_IRQHandler
                0x00000000080031ac                FPU_IRQHandler
                0x00000000080031ac                OTG_HS_WKUP_IRQHandler
                0x00000000080031ac                CAN2_SCE_IRQHandler
                0x00000000080031ac                SPI1_IRQHandler
                0x00000000080031ac                DCMI_IRQHandler
                0x00000000080031ac                CAN2_RX0_IRQHandler
                0x00000000080031ac                USART6_IRQHandler
                0x00000000080031ac                CAN1_RX1_IRQHandler
                0x00000000080031ac                UART5_IRQHandler
                0x00000000080031ac                DMA1_Stream6_IRQHandler
                0x00000000080031ac                DMA1_Stream1_IRQHandler
                0x00000000080031ac                UART4_IRQHandler
                0x00000000080031ac                RCC_IRQHandler
                0x00000000080031ac                TIM8_BRK_TIM12_IRQHandler
                0x00000000080031ac                Default_Handler
                0x00000000080031ac                EXTI15_10_IRQHandler
                0x00000000080031ac                ADC_IRQHandler
                0x00000000080031ac                DMA1_Stream7_IRQHandler
                0x00000000080031ac                CAN2_TX_IRQHandler
                0x00000000080031ac                DMA2_Stream7_IRQHandler
                0x00000000080031ac                I2C3_EV_IRQHandler
                0x00000000080031ac                RTC_WKUP_IRQHandler
                0x00000000080031ac                ETH_WKUP_IRQHandler
                0x00000000080031ac                OTG_HS_EP1_IN_IRQHandler
                0x00000000080031ac                DMA1_Stream0_IRQHandler
                0x00000000080031ac                EXTI4_IRQHandler
                0x00000000080031ac                FSMC_IRQHandler
                0x00000000080031ac                ETH_IRQHandler
                0x00000000080031ac                OTG_HS_EP1_OUT_IRQHandler
                0x00000000080031ac                WWDG_IRQHandler
                0x00000000080031ac                OTG_FS_WKUP_IRQHandler
                0x00000000080031ac                TIM1_TRG_COM_TIM11_IRQHandler
                0x00000000080031ac                OTG_HS_IRQHandler
                0x00000000080031ac                EXTI1_IRQHandler
                0x00000000080031ac                USART2_IRQHandler
                0x00000000080031ac                I2C2_ER_IRQHandler
                0x00000000080031ac                DMA2_Stream1_IRQHandler
                0x00000000080031ac                CAN1_SCE_IRQHandler
                0x00000000080031ac                FLASH_IRQHandler
                0x00000000080031ac                DMA2_Stream6_IRQHandler
 .text.stm32_lock_acquire
                0x00000000080031ae       0x60 ./Core/ThreadSafe/newlib_lock_glue.o
 .text.stm32_lock_release
                0x000000000800320e       0x54 ./Core/ThreadSafe/newlib_lock_glue.o
 .text.__retarget_lock_acquire_recursive
                0x0000000008003262       0x28 ./Core/ThreadSafe/newlib_lock_glue.o
                0x0000000008003262                __retarget_lock_acquire_recursive
 .text.__retarget_lock_release_recursive
                0x000000000800328a       0x28 ./Core/ThreadSafe/newlib_lock_glue.o
                0x000000000800328a                __retarget_lock_release_recursive
 *fill*         0x00000000080032b2        0x2 
 .text.HAL_Init
                0x00000000080032b4       0x44 ./Drivers/STM32F4xx_HAL_Driver/Src/stm32f4xx_hal.o
                0x00000000080032b4                HAL_Init
 .text.HAL_IncTick
                0x00000000080032f8       0x28 ./Drivers/STM32F4xx_HAL_Driver/Src/stm32f4xx_hal.o
                0x00000000080032f8                HAL_IncTick
 .text.HAL_GetTick
                0x0000000008003320       0x18 ./Drivers/STM32F4xx_HAL_Driver/Src/stm32f4xx_hal.o
                0x0000000008003320                HAL_GetTick
 .text.HAL_Delay
                0x0000000008003338       0x48 ./Drivers/STM32F4xx_HAL_Driver/Src/stm32f4xx_hal.o
                0x0000000008003338                HAL_Delay
 .text.HAL_ADC_Init
                0x0000000008003380       0x86 ./Drivers/STM32F4xx_HAL_Driver/Src/stm32f4xx_hal_adc.o
                0x0000000008003380                HAL_ADC_Init
 *fill*         0x0000000008003406        0x2 
 .text.HAL_ADC_ConfigChannel
                0x0000000008003408      0x244 ./Drivers/STM32F4xx_HAL_Driver/Src/stm32f4xx_hal_adc.o
                0x0000000008003408                HAL_ADC_ConfigChannel
 .text.ADC_Init
                0x000000000800364c      0x1f8 ./Drivers/STM32F4xx_HAL_Driver/Src/stm32f4xx_hal_adc.o
 .text.HAL_CAN_Init
                0x0000000008003844      0x1f6 ./Drivers/STM32F4xx_HAL_Driver/Src/stm32f4xx_hal_can.o
                0x0000000008003844                HAL_CAN_Init
 .text.HAL_CAN_Start
                0x0000000008003a3a       0x88 ./Drivers/STM32F4xx_HAL_Driver/Src/stm32f4xx_hal_can.o
                0x0000000008003a3a                HAL_CAN_Start
 .text.HAL_CAN_ActivateNotification
                0x0000000008003ac2       0x4c ./Drivers/STM32F4xx_HAL_Driver/Src/stm32f4xx_hal_can.o
                0x0000000008003ac2                HAL_CAN_ActivateNotification
 .text.HAL_CAN_IRQHandler
                0x0000000008003b0e      0x36e ./Drivers/STM32F4xx_HAL_Driver/Src/stm32f4xx_hal_can.o
                0x0000000008003b0e                HAL_CAN_IRQHandler
 .text.HAL_CAN_TxMailbox0CompleteCallback
                0x0000000008003e7c       0x14 ./Drivers/STM32F4xx_HAL_Driver/Src/stm32f4xx_hal_can.o
                0x0000000008003e7c                HAL_CAN_TxMailbox0CompleteCallback
 .text.HAL_CAN_TxMailbox1CompleteCallback
                0x0000000008003e90       0x14 ./Drivers/STM32F4xx_HAL_Driver/Src/stm32f4xx_hal_can.o
                0x0000000008003e90                HAL_CAN_TxMailbox1CompleteCallback
 .text.HAL_CAN_TxMailbox2CompleteCallback
                0x0000000008003ea4       0x14 ./Drivers/STM32F4xx_HAL_Driver/Src/stm32f4xx_hal_can.o
                0x0000000008003ea4                HAL_CAN_TxMailbox2CompleteCallback
 .text.HAL_CAN_TxMailbox0AbortCallback
                0x0000000008003eb8       0x14 ./Drivers/STM32F4xx_HAL_Driver/Src/stm32f4xx_hal_can.o
                0x0000000008003eb8                HAL_CAN_TxMailbox0AbortCallback
 .text.HAL_CAN_TxMailbox1AbortCallback
                0x0000000008003ecc       0x14 ./Drivers/STM32F4xx_HAL_Driver/Src/stm32f4xx_hal_can.o
                0x0000000008003ecc                HAL_CAN_TxMailbox1AbortCallback
 .text.HAL_CAN_TxMailbox2AbortCallback
                0x0000000008003ee0       0x14 ./Drivers/STM32F4xx_HAL_Driver/Src/stm32f4xx_hal_can.o
                0x0000000008003ee0                HAL_CAN_TxMailbox2AbortCallback
 .text.HAL_CAN_RxFifo0MsgPendingCallback
                0x0000000008003ef4       0x14 ./Drivers/STM32F4xx_HAL_Driver/Src/stm32f4xx_hal_can.o
                0x0000000008003ef4                HAL_CAN_RxFifo0MsgPendingCallback
 .text.HAL_CAN_RxFifo0FullCallback
                0x0000000008003f08       0x14 ./Drivers/STM32F4xx_HAL_Driver/Src/stm32f4xx_hal_can.o
                0x0000000008003f08                HAL_CAN_RxFifo0FullCallback
 .text.HAL_CAN_RxFifo1MsgPendingCallback
                0x0000000008003f1c       0x14 ./Drivers/STM32F4xx_HAL_Driver/Src/stm32f4xx_hal_can.o
                0x0000000008003f1c                HAL_CAN_RxFifo1MsgPendingCallback
 .text.HAL_CAN_RxFifo1FullCallback
                0x0000000008003f30       0x14 ./Drivers/STM32F4xx_HAL_Driver/Src/stm32f4xx_hal_can.o
                0x0000000008003f30                HAL_CAN_RxFifo1FullCallback
 .text.HAL_CAN_SleepCallback
                0x0000000008003f44       0x14 ./Drivers/STM32F4xx_HAL_Driver/Src/stm32f4xx_hal_can.o
                0x0000000008003f44                HAL_CAN_SleepCallback
 .text.HAL_CAN_WakeUpFromRxMsgCallback
                0x0000000008003f58       0x14 ./Drivers/STM32F4xx_HAL_Driver/Src/stm32f4xx_hal_can.o
                0x0000000008003f58                HAL_CAN_WakeUpFromRxMsgCallback
 .text.HAL_CAN_ErrorCallback
                0x0000000008003f6c       0x14 ./Drivers/STM32F4xx_HAL_Driver/Src/stm32f4xx_hal_can.o
                0x0000000008003f6c                HAL_CAN_ErrorCallback
 .text.__NVIC_SetPriorityGrouping
                0x0000000008003f80       0x48 ./Drivers/STM32F4xx_HAL_Driver/Src/stm32f4xx_hal_cortex.o
 .text.__NVIC_GetPriorityGrouping
                0x0000000008003fc8       0x1c ./Drivers/STM32F4xx_HAL_Driver/Src/stm32f4xx_hal_cortex.o
 .text.__NVIC_EnableIRQ
                0x0000000008003fe4       0x3c ./Drivers/STM32F4xx_HAL_Driver/Src/stm32f4xx_hal_cortex.o
 .text.__NVIC_SetPriority
                0x0000000008004020       0x54 ./Drivers/STM32F4xx_HAL_Driver/Src/stm32f4xx_hal_cortex.o
 .text.NVIC_EncodePriority
                0x0000000008004074       0x66 ./Drivers/STM32F4xx_HAL_Driver/Src/stm32f4xx_hal_cortex.o
 .text.HAL_NVIC_SetPriorityGrouping
                0x00000000080040da       0x16 ./Drivers/STM32F4xx_HAL_Driver/Src/stm32f4xx_hal_cortex.o
                0x00000000080040da                HAL_NVIC_SetPriorityGrouping
 .text.HAL_NVIC_SetPriority
                0x00000000080040f0       0x38 ./Drivers/STM32F4xx_HAL_Driver/Src/stm32f4xx_hal_cortex.o
                0x00000000080040f0                HAL_NVIC_SetPriority
 .text.HAL_NVIC_EnableIRQ
                0x0000000008004128       0x1c ./Drivers/STM32F4xx_HAL_Driver/Src/stm32f4xx_hal_cortex.o
                0x0000000008004128                HAL_NVIC_EnableIRQ
 .text.HAL_DMA_Init
                0x0000000008004144      0x15c ./Drivers/STM32F4xx_HAL_Driver/Src/stm32f4xx_hal_dma.o
                0x0000000008004144                HAL_DMA_Init
 .text.HAL_DMA_Abort
                0x00000000080042a0       0xe0 ./Drivers/STM32F4xx_HAL_Driver/Src/stm32f4xx_hal_dma.o
                0x00000000080042a0                HAL_DMA_Abort
 .text.HAL_DMA_Abort_IT
                0x0000000008004380       0x44 ./Drivers/STM32F4xx_HAL_Driver/Src/stm32f4xx_hal_dma.o
                0x0000000008004380                HAL_DMA_Abort_IT
 .text.HAL_DMA_IRQHandler
                0x00000000080043c4      0x314 ./Drivers/STM32F4xx_HAL_Driver/Src/stm32f4xx_hal_dma.o
                0x00000000080043c4                HAL_DMA_IRQHandler
 .text.HAL_DMA_GetState
                0x00000000080046d8       0x1c ./Drivers/STM32F4xx_HAL_Driver/Src/stm32f4xx_hal_dma.o
                0x00000000080046d8                HAL_DMA_GetState
 .text.DMA_CalcBaseAndBitshift
                0x00000000080046f4       0x6c ./Drivers/STM32F4xx_HAL_Driver/Src/stm32f4xx_hal_dma.o
 .text.DMA_CheckFifoParam
                0x0000000008004760       0xf8 ./Drivers/STM32F4xx_HAL_Driver/Src/stm32f4xx_hal_dma.o
 .text.HAL_GPIO_Init
                0x0000000008004858      0x338 ./Drivers/STM32F4xx_HAL_Driver/Src/stm32f4xx_hal_gpio.o
                0x0000000008004858                HAL_GPIO_Init
 .text.HAL_GPIO_WritePin
                0x0000000008004b90       0x32 ./Drivers/STM32F4xx_HAL_Driver/Src/stm32f4xx_hal_gpio.o
                0x0000000008004b90                HAL_GPIO_WritePin
 *fill*         0x0000000008004bc2        0x2 
 .text.HAL_GPIO_EXTI_IRQHandler
                0x0000000008004bc4       0x30 ./Drivers/STM32F4xx_HAL_Driver/Src/stm32f4xx_hal_gpio.o
                0x0000000008004bc4                HAL_GPIO_EXTI_IRQHandler
 .text.HAL_GPIO_EXTI_Callback
                0x0000000008004bf4       0x16 ./Drivers/STM32F4xx_HAL_Driver/Src/stm32f4xx_hal_gpio.o
                0x0000000008004bf4                HAL_GPIO_EXTI_Callback
 *fill*         0x0000000008004c0a        0x2 
 .text.HAL_I2C_Init
                0x0000000008004c0c      0x288 ./Drivers/STM32F4xx_HAL_Driver/Src/stm32f4xx_hal_i2c.o
                0x0000000008004c0c                HAL_I2C_Init
 .text.HAL_I2C_EV_IRQHandler
                0x0000000008004e94      0x2e2 ./Drivers/STM32F4xx_HAL_Driver/Src/stm32f4xx_hal_i2c.o
                0x0000000008004e94                HAL_I2C_EV_IRQHandler
 .text.HAL_I2C_ER_IRQHandler
                0x0000000008005176      0x14e ./Drivers/STM32F4xx_HAL_Driver/Src/stm32f4xx_hal_i2c.o
                0x0000000008005176                HAL_I2C_ER_IRQHandler
 .text.HAL_I2C_MasterTxCpltCallback
                0x00000000080052c4       0x14 ./Drivers/STM32F4xx_HAL_Driver/Src/stm32f4xx_hal_i2c.o
                0x00000000080052c4                HAL_I2C_MasterTxCpltCallback
 .text.HAL_I2C_MasterRxCpltCallback
                0x00000000080052d8       0x14 ./Drivers/STM32F4xx_HAL_Driver/Src/stm32f4xx_hal_i2c.o
                0x00000000080052d8                HAL_I2C_MasterRxCpltCallback
 .text.HAL_I2C_SlaveTxCpltCallback
                0x00000000080052ec       0x14 ./Drivers/STM32F4xx_HAL_Driver/Src/stm32f4xx_hal_i2c.o
                0x00000000080052ec                HAL_I2C_SlaveTxCpltCallback
 .text.HAL_I2C_SlaveRxCpltCallback
                0x0000000008005300       0x14 ./Drivers/STM32F4xx_HAL_Driver/Src/stm32f4xx_hal_i2c.o
                0x0000000008005300                HAL_I2C_SlaveRxCpltCallback
 .text.HAL_I2C_AddrCallback
                0x0000000008005314       0x1c ./Drivers/STM32F4xx_HAL_Driver/Src/stm32f4xx_hal_i2c.o
                0x0000000008005314                HAL_I2C_AddrCallback
 .text.HAL_I2C_ListenCpltCallback
                0x0000000008005330       0x14 ./Drivers/STM32F4xx_HAL_Driver/Src/stm32f4xx_hal_i2c.o
                0x0000000008005330                HAL_I2C_ListenCpltCallback
 .text.HAL_I2C_MemTxCpltCallback
                0x0000000008005344       0x14 ./Drivers/STM32F4xx_HAL_Driver/Src/stm32f4xx_hal_i2c.o
                0x0000000008005344                HAL_I2C_MemTxCpltCallback
 .text.HAL_I2C_MemRxCpltCallback
                0x0000000008005358       0x14 ./Drivers/STM32F4xx_HAL_Driver/Src/stm32f4xx_hal_i2c.o
                0x0000000008005358                HAL_I2C_MemRxCpltCallback
 .text.HAL_I2C_ErrorCallback
                0x000000000800536c       0x14 ./Drivers/STM32F4xx_HAL_Driver/Src/stm32f4xx_hal_i2c.o
                0x000000000800536c                HAL_I2C_ErrorCallback
 .text.HAL_I2C_AbortCpltCallback
                0x0000000008005380       0x14 ./Drivers/STM32F4xx_HAL_Driver/Src/stm32f4xx_hal_i2c.o
                0x0000000008005380                HAL_I2C_AbortCpltCallback
 .text.I2C_MasterTransmit_TXE
                0x0000000008005394      0x138 ./Drivers/STM32F4xx_HAL_Driver/Src/stm32f4xx_hal_i2c.o
 .text.I2C_MasterTransmit_BTF
                0x00000000080054cc       0xec ./Drivers/STM32F4xx_HAL_Driver/Src/stm32f4xx_hal_i2c.o
 .text.I2C_MemoryTransmit_TXE_BTF
                0x00000000080055b8      0x128 ./Drivers/STM32F4xx_HAL_Driver/Src/stm32f4xx_hal_i2c.o
 .text.I2C_MasterReceive_RXNE
                0x00000000080056e0      0x176 ./Drivers/STM32F4xx_HAL_Driver/Src/stm32f4xx_hal_i2c.o
 .text.I2C_MasterReceive_BTF
                0x0000000008005856      0x1d4 ./Drivers/STM32F4xx_HAL_Driver/Src/stm32f4xx_hal_i2c.o
 .text.I2C_Master_SB
                0x0000000008005a2a      0x10c ./Drivers/STM32F4xx_HAL_Driver/Src/stm32f4xx_hal_i2c.o
 .text.I2C_Master_ADD10
                0x0000000008005b36       0x54 ./Drivers/STM32F4xx_HAL_Driver/Src/stm32f4xx_hal_i2c.o
 .text.I2C_Master_ADDR
                0x0000000008005b8a      0x322 ./Drivers/STM32F4xx_HAL_Driver/Src/stm32f4xx_hal_i2c.o
 .text.I2C_SlaveTransmit_TXE
                0x0000000008005eac       0x7a ./Drivers/STM32F4xx_HAL_Driver/Src/stm32f4xx_hal_i2c.o
 .text.I2C_SlaveTransmit_BTF
                0x0000000008005f26       0x42 ./Drivers/STM32F4xx_HAL_Driver/Src/stm32f4xx_hal_i2c.o
 .text.I2C_SlaveReceive_RXNE
                0x0000000008005f68       0x7c ./Drivers/STM32F4xx_HAL_Driver/Src/stm32f4xx_hal_i2c.o
 .text.I2C_SlaveReceive_BTF
                0x0000000008005fe4       0x44 ./Drivers/STM32F4xx_HAL_Driver/Src/stm32f4xx_hal_i2c.o
 .text.I2C_Slave_ADDR
                0x0000000008006028       0x94 ./Drivers/STM32F4xx_HAL_Driver/Src/stm32f4xx_hal_i2c.o
 .text.I2C_Slave_STOPF
                0x00000000080060bc      0x260 ./Drivers/STM32F4xx_HAL_Driver/Src/stm32f4xx_hal_i2c.o
 .text.I2C_Slave_AF
                0x000000000800631c       0xe0 ./Drivers/STM32F4xx_HAL_Driver/Src/stm32f4xx_hal_i2c.o
 .text.I2C_ITError
                0x00000000080063fc      0x264 ./Drivers/STM32F4xx_HAL_Driver/Src/stm32f4xx_hal_i2c.o
 .text.I2C_DMAAbort
                0x0000000008006660      0x150 ./Drivers/STM32F4xx_HAL_Driver/Src/stm32f4xx_hal_i2c.o
 .text.I2C_WaitOnSTOPRequestThroughIT
                0x00000000080067b0       0x64 ./Drivers/STM32F4xx_HAL_Driver/Src/stm32f4xx_hal_i2c.o
 .text.I2C_ConvertOtherXferOptions
                0x0000000008006814       0x36 ./Drivers/STM32F4xx_HAL_Driver/Src/stm32f4xx_hal_i2c.o
 .text.HAL_IWDG_Init
                0x000000000800684a       0x84 ./Drivers/STM32F4xx_HAL_Driver/Src/stm32f4xx_hal_iwdg.o
                0x000000000800684a                HAL_IWDG_Init
 .text.HAL_PCD_Init
                0x00000000080068ce      0x23a ./Drivers/STM32F4xx_HAL_Driver/Src/stm32f4xx_hal_pcd.o
                0x00000000080068ce                HAL_PCD_Init
 .text.HAL_RCC_OscConfig
                0x0000000008006b08      0x4f0 ./Drivers/STM32F4xx_HAL_Driver/Src/stm32f4xx_hal_rcc.o
                0x0000000008006b08                HAL_RCC_OscConfig
 .text.HAL_RCC_ClockConfig
                0x0000000008006ff8      0x1cc ./Drivers/STM32F4xx_HAL_Driver/Src/stm32f4xx_hal_rcc.o
                0x0000000008006ff8                HAL_RCC_ClockConfig
 .text.HAL_RCC_GetSysClockFreq
                0x00000000080071c4      0x20c ./Drivers/STM32F4xx_HAL_Driver/Src/stm32f4xx_hal_rcc.o
                0x00000000080071c4                HAL_RCC_GetSysClockFreq
 .text.HAL_RCC_GetHCLKFreq
                0x00000000080073d0       0x18 ./Drivers/STM32F4xx_HAL_Driver/Src/stm32f4xx_hal_rcc.o
                0x00000000080073d0                HAL_RCC_GetHCLKFreq
 .text.HAL_RCC_GetPCLK1Freq
                0x00000000080073e8       0x28 ./Drivers/STM32F4xx_HAL_Driver/Src/stm32f4xx_hal_rcc.o
                0x00000000080073e8                HAL_RCC_GetPCLK1Freq
 .text.HAL_RCC_GetPCLK2Freq
                0x0000000008007410       0x28 ./Drivers/STM32F4xx_HAL_Driver/Src/stm32f4xx_hal_rcc.o
                0x0000000008007410                HAL_RCC_GetPCLK2Freq
 .text.HAL_RCC_GetClockConfig
                0x0000000008007438       0x64 ./Drivers/STM32F4xx_HAL_Driver/Src/stm32f4xx_hal_rcc.o
                0x0000000008007438                HAL_RCC_GetClockConfig
 .text.HAL_SPI_Init
                0x000000000800749c      0x112 ./Drivers/STM32F4xx_HAL_Driver/Src/stm32f4xx_hal_spi.o
                0x000000000800749c                HAL_SPI_Init
 *fill*         0x00000000080075ae        0x2 
 .text.HAL_SPI_IRQHandler
                0x00000000080075b0      0x200 ./Drivers/STM32F4xx_HAL_Driver/Src/stm32f4xx_hal_spi.o
                0x00000000080075b0                HAL_SPI_IRQHandler
 .text.HAL_SPI_ErrorCallback
                0x00000000080077b0       0x14 ./Drivers/STM32F4xx_HAL_Driver/Src/stm32f4xx_hal_spi.o
                0x00000000080077b0                HAL_SPI_ErrorCallback
 .text.SPI_DMAAbortOnError
                0x00000000080077c4       0x28 ./Drivers/STM32F4xx_HAL_Driver/Src/stm32f4xx_hal_spi.o
 .text.HAL_TIM_Base_Init
                0x00000000080077ec       0x9e ./Drivers/STM32F4xx_HAL_Driver/Src/stm32f4xx_hal_tim.o
                0x00000000080077ec                HAL_TIM_Base_Init
 *fill*         0x000000000800788a        0x2 
 .text.HAL_TIM_Base_Start_IT
                0x000000000800788c       0xe0 ./Drivers/STM32F4xx_HAL_Driver/Src/stm32f4xx_hal_tim.o
                0x000000000800788c                HAL_TIM_Base_Start_IT
 .text.HAL_TIM_PWM_Init
                0x000000000800796c       0x9e ./Drivers/STM32F4xx_HAL_Driver/Src/stm32f4xx_hal_tim.o
                0x000000000800796c                HAL_TIM_PWM_Init
 .text.HAL_TIM_PWM_MspInit
                0x0000000008007a0a       0x14 ./Drivers/STM32F4xx_HAL_Driver/Src/stm32f4xx_hal_tim.o
                0x0000000008007a0a                HAL_TIM_PWM_MspInit
 .text.HAL_TIM_IC_Init
                0x0000000008007a1e       0x9e ./Drivers/STM32F4xx_HAL_Driver/Src/stm32f4xx_hal_tim.o
                0x0000000008007a1e                HAL_TIM_IC_Init
 .text.HAL_TIM_IC_MspInit
                0x0000000008007abc       0x14 ./Drivers/STM32F4xx_HAL_Driver/Src/stm32f4xx_hal_tim.o
                0x0000000008007abc                HAL_TIM_IC_MspInit
 .text.HAL_TIM_Encoder_Init
                0x0000000008007ad0      0x14c ./Drivers/STM32F4xx_HAL_Driver/Src/stm32f4xx_hal_tim.o
                0x0000000008007ad0                HAL_TIM_Encoder_Init
 .text.HAL_TIM_IRQHandler
                0x0000000008007c1c      0x210 ./Drivers/STM32F4xx_HAL_Driver/Src/stm32f4xx_hal_tim.o
                0x0000000008007c1c                HAL_TIM_IRQHandler
 .text.HAL_TIM_IC_ConfigChannel
                0x0000000008007e2c      0x138 ./Drivers/STM32F4xx_HAL_Driver/Src/stm32f4xx_hal_tim.o
                0x0000000008007e2c                HAL_TIM_IC_ConfigChannel
 .text.HAL_TIM_PWM_ConfigChannel
                0x0000000008007f64      0x184 ./Drivers/STM32F4xx_HAL_Driver/Src/stm32f4xx_hal_tim.o
                0x0000000008007f64                HAL_TIM_PWM_ConfigChannel
 .text.HAL_TIM_ConfigClockSource
                0x00000000080080e8      0x18e ./Drivers/STM32F4xx_HAL_Driver/Src/stm32f4xx_hal_tim.o
                0x00000000080080e8                HAL_TIM_ConfigClockSource
 .text.HAL_TIM_SlaveConfigSynchro
                0x0000000008008276       0x84 ./Drivers/STM32F4xx_HAL_Driver/Src/stm32f4xx_hal_tim.o
                0x0000000008008276                HAL_TIM_SlaveConfigSynchro
 .text.HAL_TIM_OC_DelayElapsedCallback
                0x00000000080082fa       0x14 ./Drivers/STM32F4xx_HAL_Driver/Src/stm32f4xx_hal_tim.o
                0x00000000080082fa                HAL_TIM_OC_DelayElapsedCallback
 .text.HAL_TIM_IC_CaptureCallback
                0x000000000800830e       0x14 ./Drivers/STM32F4xx_HAL_Driver/Src/stm32f4xx_hal_tim.o
                0x000000000800830e                HAL_TIM_IC_CaptureCallback
 .text.HAL_TIM_PWM_PulseFinishedCallback
                0x0000000008008322       0x14 ./Drivers/STM32F4xx_HAL_Driver/Src/stm32f4xx_hal_tim.o
                0x0000000008008322                HAL_TIM_PWM_PulseFinishedCallback
 .text.HAL_TIM_TriggerCallback
                0x0000000008008336       0x14 ./Drivers/STM32F4xx_HAL_Driver/Src/stm32f4xx_hal_tim.o
                0x0000000008008336                HAL_TIM_TriggerCallback
 *fill*         0x000000000800834a        0x2 
 .text.TIM_Base_SetConfig
                0x000000000800834c      0x140 ./Drivers/STM32F4xx_HAL_Driver/Src/stm32f4xx_hal_tim.o
                0x000000000800834c                TIM_Base_SetConfig
 .text.TIM_OC1_SetConfig
                0x000000000800848c       0xe0 ./Drivers/STM32F4xx_HAL_Driver/Src/stm32f4xx_hal_tim.o
 .text.TIM_OC2_SetConfig
                0x000000000800856c       0xec ./Drivers/STM32F4xx_HAL_Driver/Src/stm32f4xx_hal_tim.o
                0x000000000800856c                TIM_OC2_SetConfig
 .text.TIM_OC3_SetConfig
                0x0000000008008658       0xe8 ./Drivers/STM32F4xx_HAL_Driver/Src/stm32f4xx_hal_tim.o
 .text.TIM_OC4_SetConfig
                0x0000000008008740       0xac ./Drivers/STM32F4xx_HAL_Driver/Src/stm32f4xx_hal_tim.o
 .text.TIM_SlaveTimer_SetConfig
                0x00000000080087ec      0x122 ./Drivers/STM32F4xx_HAL_Driver/Src/stm32f4xx_hal_tim.o
 *fill*         0x000000000800890e        0x2 
 .text.TIM_TI1_SetConfig
                0x0000000008008910       0xe8 ./Drivers/STM32F4xx_HAL_Driver/Src/stm32f4xx_hal_tim.o
                0x0000000008008910                TIM_TI1_SetConfig
 .text.TIM_TI1_ConfigInputStage
                0x00000000080089f8       0x5e ./Drivers/STM32F4xx_HAL_Driver/Src/stm32f4xx_hal_tim.o
 .text.TIM_TI2_SetConfig
                0x0000000008008a56       0x7a ./Drivers/STM32F4xx_HAL_Driver/Src/stm32f4xx_hal_tim.o
 .text.TIM_TI2_ConfigInputStage
                0x0000000008008ad0       0x60 ./Drivers/STM32F4xx_HAL_Driver/Src/stm32f4xx_hal_tim.o
 .text.TIM_TI3_SetConfig
                0x0000000008008b30       0x78 ./Drivers/STM32F4xx_HAL_Driver/Src/stm32f4xx_hal_tim.o
 .text.TIM_TI4_SetConfig
                0x0000000008008ba8       0x7a ./Drivers/STM32F4xx_HAL_Driver/Src/stm32f4xx_hal_tim.o
 .text.TIM_ITRx_SetConfig
                0x0000000008008c22       0x36 ./Drivers/STM32F4xx_HAL_Driver/Src/stm32f4xx_hal_tim.o
 .text.TIM_ETR_SetConfig
                0x0000000008008c58       0x40 ./Drivers/STM32F4xx_HAL_Driver/Src/stm32f4xx_hal_tim.o
                0x0000000008008c58                TIM_ETR_SetConfig
 .text.HAL_TIMEx_MasterConfigSynchronization
                0x0000000008008c98       0xf8 ./Drivers/STM32F4xx_HAL_Driver/Src/stm32f4xx_hal_tim_ex.o
                0x0000000008008c98                HAL_TIMEx_MasterConfigSynchronization
 .text.HAL_TIMEx_ConfigBreakDeadTime
                0x0000000008008d90       0xa4 ./Drivers/STM32F4xx_HAL_Driver/Src/stm32f4xx_hal_tim_ex.o
                0x0000000008008d90                HAL_TIMEx_ConfigBreakDeadTime
 .text.HAL_TIMEx_CommutCallback
                0x0000000008008e34       0x14 ./Drivers/STM32F4xx_HAL_Driver/Src/stm32f4xx_hal_tim_ex.o
                0x0000000008008e34                HAL_TIMEx_CommutCallback
 .text.HAL_TIMEx_BreakCallback
                0x0000000008008e48       0x14 ./Drivers/STM32F4xx_HAL_Driver/Src/stm32f4xx_hal_tim_ex.o
                0x0000000008008e48                HAL_TIMEx_BreakCallback
 .text.HAL_UART_Init
                0x0000000008008e5c       0x9a ./Drivers/STM32F4xx_HAL_Driver/Src/stm32f4xx_hal_uart.o
                0x0000000008008e5c                HAL_UART_Init
 *fill*         0x0000000008008ef6        0x2 
 .text.HAL_UART_IRQHandler
                0x0000000008008ef8      0x51c ./Drivers/STM32F4xx_HAL_Driver/Src/stm32f4xx_hal_uart.o
                0x0000000008008ef8                HAL_UART_IRQHandler
 .text.HAL_UART_TxCpltCallback
                0x0000000008009414       0x14 ./Drivers/STM32F4xx_HAL_Driver/Src/stm32f4xx_hal_uart.o
                0x0000000008009414                HAL_UART_TxCpltCallback
 .text.HAL_UART_RxCpltCallback
                0x0000000008009428       0x14 ./Drivers/STM32F4xx_HAL_Driver/Src/stm32f4xx_hal_uart.o
                0x0000000008009428                HAL_UART_RxCpltCallback
 .text.HAL_UART_ErrorCallback
                0x000000000800943c       0x14 ./Drivers/STM32F4xx_HAL_Driver/Src/stm32f4xx_hal_uart.o
                0x000000000800943c                HAL_UART_ErrorCallback
 .text.HAL_UARTEx_RxEventCallback
                0x0000000008009450       0x18 ./Drivers/STM32F4xx_HAL_Driver/Src/stm32f4xx_hal_uart.o
                0x0000000008009450                HAL_UARTEx_RxEventCallback
 .text.UART_EndRxTransfer
                0x0000000008009468       0xc6 ./Drivers/STM32F4xx_HAL_Driver/Src/stm32f4xx_hal_uart.o
 .text.UART_DMAAbortOnError
                0x000000000800952e       0x28 ./Drivers/STM32F4xx_HAL_Driver/Src/stm32f4xx_hal_uart.o
 .text.UART_Transmit_IT
                0x0000000008009556       0xa0 ./Drivers/STM32F4xx_HAL_Driver/Src/stm32f4xx_hal_uart.o
 .text.UART_EndTransmit_IT
                0x00000000080095f6       0x30 ./Drivers/STM32F4xx_HAL_Driver/Src/stm32f4xx_hal_uart.o
 .text.UART_Receive_IT
                0x0000000008009626      0x176 ./Drivers/STM32F4xx_HAL_Driver/Src/stm32f4xx_hal_uart.o
 .text.UART_SetConfig
                0x000000000800979c      0x4e8 ./Drivers/STM32F4xx_HAL_Driver/Src/stm32f4xx_hal_uart.o
 .text.USB_CoreInit
                0x0000000008009c84       0xc2 ./Drivers/STM32F4xx_HAL_Driver/Src/stm32f4xx_ll_usb.o
                0x0000000008009c84                USB_CoreInit
 .text.USB_DisableGlobalInt
                0x0000000008009d46       0x22 ./Drivers/STM32F4xx_HAL_Driver/Src/stm32f4xx_ll_usb.o
                0x0000000008009d46                USB_DisableGlobalInt
 .text.USB_SetCurrentMode
                0x0000000008009d68       0x98 ./Drivers/STM32F4xx_HAL_Driver/Src/stm32f4xx_ll_usb.o
                0x0000000008009d68                USB_SetCurrentMode
 .text.USB_DevInit
                0x0000000008009e00      0x2c8 ./Drivers/STM32F4xx_HAL_Driver/Src/stm32f4xx_ll_usb.o
                0x0000000008009e00                USB_DevInit
 .text.USB_FlushTxFifo
                0x000000000800a0c8       0x68 ./Drivers/STM32F4xx_HAL_Driver/Src/stm32f4xx_ll_usb.o
                0x000000000800a0c8                USB_FlushTxFifo
 .text.USB_FlushRxFifo
                0x000000000800a130       0x60 ./Drivers/STM32F4xx_HAL_Driver/Src/stm32f4xx_ll_usb.o
                0x000000000800a130                USB_FlushRxFifo
 .text.USB_SetDevSpeed
                0x000000000800a190       0x32 ./Drivers/STM32F4xx_HAL_Driver/Src/stm32f4xx_ll_usb.o
                0x000000000800a190                USB_SetDevSpeed
 .text.USB_DevDisconnect
                0x000000000800a1c2       0x42 ./Drivers/STM32F4xx_HAL_Driver/Src/stm32f4xx_ll_usb.o
                0x000000000800a1c2                USB_DevDisconnect
 .text.USB_GetMode
                0x000000000800a204       0x1c ./Drivers/STM32F4xx_HAL_Driver/Src/stm32f4xx_ll_usb.o
                0x000000000800a204                USB_GetMode
 .text.USB_CoreReset
                0x000000000800a220       0x68 ./Drivers/STM32F4xx_HAL_Driver/Src/stm32f4xx_ll_usb.o
 .text.__NVIC_SetPriority
                0x000000000800a288       0x54 ./Middlewares/Third_Party/FreeRTOS/Source/CMSIS_RTOS_V2/cmsis_os2.o
 .text.SysTick_Handler
                0x000000000800a2dc       0x20 ./Middlewares/Third_Party/FreeRTOS/Source/CMSIS_RTOS_V2/cmsis_os2.o
                0x000000000800a2dc                SysTick_Handler
 .text.SVC_Setup
                0x000000000800a2fc       0x12 ./Middlewares/Third_Party/FreeRTOS/Source/CMSIS_RTOS_V2/cmsis_os2.o
 *fill*         0x000000000800a30e        0x2 
 .text.osKernelInitialize
                0x000000000800a310       0x48 ./Middlewares/Third_Party/FreeRTOS/Source/CMSIS_RTOS_V2/cmsis_os2.o
                0x000000000800a310                osKernelInitialize
 .text.osKernelStart
                0x000000000800a358       0x4c ./Middlewares/Third_Party/FreeRTOS/Source/CMSIS_RTOS_V2/cmsis_os2.o
                0x000000000800a358                osKernelStart
 .text.osThreadNew
                0x000000000800a3a4      0x126 ./Middlewares/Third_Party/FreeRTOS/Source/CMSIS_RTOS_V2/cmsis_os2.o
                0x000000000800a3a4                osThreadNew
 *fill*         0x000000000800a4ca        0x2 
 .text.vApplicationGetIdleTaskMemory
                0x000000000800a4cc       0x34 ./Middlewares/Third_Party/FreeRTOS/Source/CMSIS_RTOS_V2/cmsis_os2.o
                0x000000000800a4cc                vApplicationGetIdleTaskMemory
 .text.vApplicationGetTimerTaskMemory
                0x000000000800a500       0x34 ./Middlewares/Third_Party/FreeRTOS/Source/CMSIS_RTOS_V2/cmsis_os2.o
                0x000000000800a500                vApplicationGetTimerTaskMemory
 .text.vListInitialise
                0x000000000800a534       0x40 ./Middlewares/Third_Party/FreeRTOS/Source/list.o
                0x000000000800a534                vListInitialise
 .text.vListInitialiseItem
                0x000000000800a574       0x1a ./Middlewares/Third_Party/FreeRTOS/Source/list.o
                0x000000000800a574                vListInitialiseItem
 .text.vListInsertEnd
                0x000000000800a58e       0x48 ./Middlewares/Third_Party/FreeRTOS/Source/list.o
                0x000000000800a58e                vListInsertEnd
 .text.vListInsert
                0x000000000800a5d6       0x72 ./Middlewares/Third_Party/FreeRTOS/Source/list.o
                0x000000000800a5d6                vListInsert
 .text.uxListRemove
                0x000000000800a648       0x54 ./Middlewares/Third_Party/FreeRTOS/Source/list.o
                0x000000000800a648                uxListRemove
 .text.xQueueGenericReset
                0x000000000800a69c       0xd0 ./Middlewares/Third_Party/FreeRTOS/Source/queue.o
                0x000000000800a69c                xQueueGenericReset
 .text.xQueueGenericCreateStatic
                0x000000000800a76c       0xf0 ./Middlewares/Third_Party/FreeRTOS/Source/queue.o
                0x000000000800a76c                xQueueGenericCreateStatic
 .text.prvInitialiseNewQueue
                0x000000000800a85c       0x46 ./Middlewares/Third_Party/FreeRTOS/Source/queue.o
 *fill*         0x000000000800a8a2        0x2 
 .text.xQueueGenericSend
                0x000000000800a8a4      0x1fc ./Middlewares/Third_Party/FreeRTOS/Source/queue.o
                0x000000000800a8a4                xQueueGenericSend
 .text.xQueueGenericSendFromISR
                0x000000000800aaa0      0x136 ./Middlewares/Third_Party/FreeRTOS/Source/queue.o
                0x000000000800aaa0                xQueueGenericSendFromISR
 *fill*         0x000000000800abd6        0x2 
 .text.xQueueReceive
                0x000000000800abd8      0x1c0 ./Middlewares/Third_Party/FreeRTOS/Source/queue.o
                0x000000000800abd8                xQueueReceive
 .text.prvCopyDataToQueue
                0x000000000800ad98       0xd4 ./Middlewares/Third_Party/FreeRTOS/Source/queue.o
 .text.prvCopyDataFromQueue
                0x000000000800ae6c       0x4c ./Middlewares/Third_Party/FreeRTOS/Source/queue.o
 .text.prvUnlockQueue
                0x000000000800aeb8       0xa4 ./Middlewares/Third_Party/FreeRTOS/Source/queue.o
 .text.prvIsQueueEmpty
                0x000000000800af5c       0x2c ./Middlewares/Third_Party/FreeRTOS/Source/queue.o
 .text.prvIsQueueFull
                0x000000000800af88       0x30 ./Middlewares/Third_Party/FreeRTOS/Source/queue.o
 .text.vQueueAddToRegistry
                0x000000000800afb8       0x54 ./Middlewares/Third_Party/FreeRTOS/Source/queue.o
                0x000000000800afb8                vQueueAddToRegistry
 .text.vQueueWaitForMessageRestricted
                0x000000000800b00c       0x68 ./Middlewares/Third_Party/FreeRTOS/Source/queue.o
                0x000000000800b00c                vQueueWaitForMessageRestricted
 .text.xTaskCreateStatic
                0x000000000800b074       0xbe ./Middlewares/Third_Party/FreeRTOS/Source/tasks.o
                0x000000000800b074                xTaskCreateStatic
 .text.xTaskCreate
                0x000000000800b132       0x8c ./Middlewares/Third_Party/FreeRTOS/Source/tasks.o
                0x000000000800b132                xTaskCreate
 .text.prvInitialiseNewTask
                0x000000000800b1be      0x1a4 ./Middlewares/Third_Party/FreeRTOS/Source/tasks.o
 *fill*         0x000000000800b362        0x2 
 .text.prvAddNewTaskToReadyList
                0x000000000800b364       0xe0 ./Middlewares/Third_Party/FreeRTOS/Source/tasks.o
 .text.vTaskStartScheduler
                0x000000000800b444       0xe0 ./Middlewares/Third_Party/FreeRTOS/Source/tasks.o
                0x000000000800b444                vTaskStartScheduler
 .text.vTaskSuspendAll
                0x000000000800b524       0x1c ./Middlewares/Third_Party/FreeRTOS/Source/tasks.o
                0x000000000800b524                vTaskSuspendAll
 .text.xTaskResumeAll
                0x000000000800b540      0x13c ./Middlewares/Third_Party/FreeRTOS/Source/tasks.o
                0x000000000800b540                xTaskResumeAll
 .text.xTaskGetTickCount
                0x000000000800b67c       0x20 ./Middlewares/Third_Party/FreeRTOS/Source/tasks.o
                0x000000000800b67c                xTaskGetTickCount
 .text.xTaskIncrementTick
                0x000000000800b69c      0x174 ./Middlewares/Third_Party/FreeRTOS/Source/tasks.o
                0x000000000800b69c                xTaskIncrementTick
 .text.vTaskSwitchContext
                0x000000000800b810      0x114 ./Middlewares/Third_Party/FreeRTOS/Source/tasks.o
                0x000000000800b810                vTaskSwitchContext
 .text.vTaskPlaceOnEventList
                0x000000000800b924       0x48 ./Middlewares/Third_Party/FreeRTOS/Source/tasks.o
                0x000000000800b924                vTaskPlaceOnEventList
 .text.vTaskPlaceOnEventListRestricted
                0x000000000800b96c       0x58 ./Middlewares/Third_Party/FreeRTOS/Source/tasks.o
                0x000000000800b96c                vTaskPlaceOnEventListRestricted
 .text.xTaskRemoveFromEventList
                0x000000000800b9c4       0xc8 ./Middlewares/Third_Party/FreeRTOS/Source/tasks.o
                0x000000000800b9c4                xTaskRemoveFromEventList
 .text.vTaskInternalSetTimeOutState
                0x000000000800ba8c       0x2c ./Middlewares/Third_Party/FreeRTOS/Source/tasks.o
                0x000000000800ba8c                vTaskInternalSetTimeOutState
 .text.xTaskCheckForTimeOut
                0x000000000800bab8       0xc4 ./Middlewares/Third_Party/FreeRTOS/Source/tasks.o
                0x000000000800bab8                xTaskCheckForTimeOut
 .text.vTaskMissedYield
                0x000000000800bb7c       0x18 ./Middlewares/Third_Party/FreeRTOS/Source/tasks.o
                0x000000000800bb7c                vTaskMissedYield
 .text.prvIdleTask
                0x000000000800bb94       0x34 ./Middlewares/Third_Party/FreeRTOS/Source/tasks.o
 .text.prvInitialiseTaskLists
                0x000000000800bbc8       0x80 ./Middlewares/Third_Party/FreeRTOS/Source/tasks.o
 .text.prvCheckTasksWaitingTermination
                0x000000000800bc48       0x5c ./Middlewares/Third_Party/FreeRTOS/Source/tasks.o
 .text.prvDeleteTCB
                0x000000000800bca4       0x68 ./Middlewares/Third_Party/FreeRTOS/Source/tasks.o
 .text.prvResetNextTaskUnblockTime
                0x000000000800bd0c       0x40 ./Middlewares/Third_Party/FreeRTOS/Source/tasks.o
 .text.xTaskGetSchedulerState
                0x000000000800bd4c       0x3c ./Middlewares/Third_Party/FreeRTOS/Source/tasks.o
                0x000000000800bd4c                xTaskGetSchedulerState
 .text.xTaskPriorityDisinherit
                0x000000000800bd88       0xdc ./Middlewares/Third_Party/FreeRTOS/Source/tasks.o
                0x000000000800bd88                xTaskPriorityDisinherit
 .text.prvAddCurrentTaskToDelayedList
                0x000000000800be64       0xa8 ./Middlewares/Third_Party/FreeRTOS/Source/tasks.o
 .text.xTimerCreateTimerTask
                0x000000000800bf0c       0x90 ./Middlewares/Third_Party/FreeRTOS/Source/timers.o
                0x000000000800bf0c                xTimerCreateTimerTask
 .text.xTimerGenericCommand
                0x000000000800bf9c       0x9c ./Middlewares/Third_Party/FreeRTOS/Source/timers.o
                0x000000000800bf9c                xTimerGenericCommand
 .text.prvProcessExpiredTimer
                0x000000000800c038       0x98 ./Middlewares/Third_Party/FreeRTOS/Source/timers.o
 .text.prvTimerTask
                0x000000000800c0d0       0x24 ./Middlewares/Third_Party/FreeRTOS/Source/timers.o
 .text.prvProcessTimerOrBlockTask
                0x000000000800c0f4       0x9c ./Middlewares/Third_Party/FreeRTOS/Source/timers.o
 .text.prvGetNextExpireTime
                0x000000000800c190       0x48 ./Middlewares/Third_Party/FreeRTOS/Source/timers.o
 .text.prvSampleTimeNow
                0x000000000800c1d8       0x40 ./Middlewares/Third_Party/FreeRTOS/Source/timers.o
 .text.prvInsertTimerInActiveList
                0x000000000800c218       0x84 ./Middlewares/Third_Party/FreeRTOS/Source/timers.o
 .text.prvProcessReceivedCommands
                0x000000000800c29c      0x1c4 ./Middlewares/Third_Party/FreeRTOS/Source/timers.o
 .text.prvSwitchTimerLists
                0x000000000800c460       0xc8 ./Middlewares/Third_Party/FreeRTOS/Source/timers.o
 .text.prvCheckForValidListAndQueue
                0x000000000800c528       0x80 ./Middlewares/Third_Party/FreeRTOS/Source/timers.o
 .text.pxPortInitialiseStack
                0x000000000800c5a8       0x68 ./Middlewares/Third_Party/FreeRTOS/Source/portable/GCC/ARM_CM4F/port.o
                0x000000000800c5a8                pxPortInitialiseStack
 .text.prvTaskExitError
                0x000000000800c610       0x58 ./Middlewares/Third_Party/FreeRTOS/Source/portable/GCC/ARM_CM4F/port.o
 *fill*         0x000000000800c668        0x8 
 .text.SVC_Handler
                0x000000000800c670       0x28 ./Middlewares/Third_Party/FreeRTOS/Source/portable/GCC/ARM_CM4F/port.o
                0x000000000800c670                SVC_Handler
 .text.prvPortStartFirstTask
                0x000000000800c698       0x28 ./Middlewares/Third_Party/FreeRTOS/Source/portable/GCC/ARM_CM4F/port.o
 .text.xPortStartScheduler
                0x000000000800c6c0      0x144 ./Middlewares/Third_Party/FreeRTOS/Source/portable/GCC/ARM_CM4F/port.o
                0x000000000800c6c0                xPortStartScheduler
 .text.vPortEnterCritical
                0x000000000800c804       0x60 ./Middlewares/Third_Party/FreeRTOS/Source/portable/GCC/ARM_CM4F/port.o
                0x000000000800c804                vPortEnterCritical
 .text.vPortExitCritical
                0x000000000800c864       0x54 ./Middlewares/Third_Party/FreeRTOS/Source/portable/GCC/ARM_CM4F/port.o
                0x000000000800c864                vPortExitCritical
 *fill*         0x000000000800c8b8        0x8 
 .text.PendSV_Handler
                0x000000000800c8c0       0x68 ./Middlewares/Third_Party/FreeRTOS/Source/portable/GCC/ARM_CM4F/port.o
                0x000000000800c8c0                PendSV_Handler
 .text.xPortSysTickHandler
                0x000000000800c928       0x44 ./Middlewares/Third_Party/FreeRTOS/Source/portable/GCC/ARM_CM4F/port.o
                0x000000000800c928                xPortSysTickHandler
 .text.vPortSetupTimerInterrupt
                0x000000000800c96c       0x48 ./Middlewares/Third_Party/FreeRTOS/Source/portable/GCC/ARM_CM4F/port.o
                0x000000000800c96c                vPortSetupTimerInterrupt
 .text.vPortEnableVFP
                0x000000000800c9b4       0x14 ./Middlewares/Third_Party/FreeRTOS/Source/portable/GCC/ARM_CM4F/port.o
 .text.vPortValidateInterruptPriority
                0x000000000800c9c8       0x80 ./Middlewares/Third_Party/FreeRTOS/Source/portable/GCC/ARM_CM4F/port.o
                0x000000000800c9c8                vPortValidateInterruptPriority
 .text.pvPortMalloc
                0x000000000800ca48      0x1a0 ./Middlewares/Third_Party/FreeRTOS/Source/portable/MemMang/heap_4.o
                0x000000000800ca48                pvPortMalloc
 .text.vPortFree
                0x000000000800cbe8       0xc4 ./Middlewares/Third_Party/FreeRTOS/Source/portable/MemMang/heap_4.o
                0x000000000800cbe8                vPortFree
 .text.prvHeapInit
                0x000000000800ccac       0xc4 ./Middlewares/Third_Party/FreeRTOS/Source/portable/MemMang/heap_4.o
 .text.prvInsertBlockIntoFreeList
                0x000000000800cd70       0xb4 ./Middlewares/Third_Party/FreeRTOS/Source/portable/MemMang/heap_4.o
 .text._ZdlPvj  0x000000000800ce24        0x4 c:/st/stm32cubeide_1.10.1/stm32cubeide/plugins/com.st.stm32cube.ide.mcu.externaltools.gnu-tools-for-stm32.10.3-2021.10.win32_1.0.0.202111181127/tools/bin/../lib/gcc/arm-none-eabi/10.3.1/../../../../arm-none-eabi/lib/thumb/v7e-m+fp/hard\libstdc++_nano.a(del_ops.o)
                0x000000000800ce24                operator delete(void*, unsigned int)
 .text._Znwj    0x000000000800ce28       0x22 c:/st/stm32cubeide_1.10.1/stm32cubeide/plugins/com.st.stm32cube.ide.mcu.externaltools.gnu-tools-for-stm32.10.3-2021.10.win32_1.0.0.202111181127/tools/bin/../lib/gcc/arm-none-eabi/10.3.1/../../../../arm-none-eabi/lib/thumb/v7e-m+fp/hard\libstdc++_nano.a(new_op.o)
                0x000000000800ce28                operator new(unsigned int)
 .text.unlikely._ZSt17__throw_bad_allocv
                0x000000000800ce4a        0x6 c:/st/stm32cubeide_1.10.1/stm32cubeide/plugins/com.st.stm32cube.ide.mcu.externaltools.gnu-tools-for-stm32.10.3-2021.10.win32_1.0.0.202111181127/tools/bin/../lib/gcc/arm-none-eabi/10.3.1/../../../../arm-none-eabi/lib/thumb/v7e-m+fp/hard\libstdc++_nano.a(functexcept.o)
                0x000000000800ce4a                std::__throw_bad_alloc()
 .text.unlikely._ZSt20__throw_length_errorPKc
                0x000000000800ce50        0x6 c:/st/stm32cubeide_1.10.1/stm32cubeide/plugins/com.st.stm32cube.ide.mcu.externaltools.gnu-tools-for-stm32.10.3-2021.10.win32_1.0.0.202111181127/tools/bin/../lib/gcc/arm-none-eabi/10.3.1/../../../../arm-none-eabi/lib/thumb/v7e-m+fp/hard\libstdc++_nano.a(functexcept.o)
                0x000000000800ce50                std::__throw_length_error(char const*)
 .text._ZdlPv   0x000000000800ce56        0x4 c:/st/stm32cubeide_1.10.1/stm32cubeide/plugins/com.st.stm32cube.ide.mcu.externaltools.gnu-tools-for-stm32.10.3-2021.10.win32_1.0.0.202111181127/tools/bin/../lib/gcc/arm-none-eabi/10.3.1/../../../../arm-none-eabi/lib/thumb/v7e-m+fp/hard\libstdc++_nano.a(del_op.o)
                0x000000000800ce56                operator delete(void*)
 *fill*         0x000000000800ce5a        0x2 
 .text._ZSt15get_new_handlerv
                0x000000000800ce5c       0x10 c:/st/stm32cubeide_1.10.1/stm32cubeide/plugins/com.st.stm32cube.ide.mcu.externaltools.gnu-tools-for-stm32.10.3-2021.10.win32_1.0.0.202111181127/tools/bin/../lib/gcc/arm-none-eabi/10.3.1/../../../../arm-none-eabi/lib/thumb/v7e-m+fp/hard\libstdc++_nano.a(new_handler.o)
                0x000000000800ce5c                std::get_new_handler()
 .text.abort    0x000000000800ce6c        0xe c:/st/stm32cubeide_1.10.1/stm32cubeide/plugins/com.st.stm32cube.ide.mcu.externaltools.gnu-tools-for-stm32.10.3-2021.10.win32_1.0.0.202111181127/tools/bin/../lib/gcc/arm-none-eabi/10.3.1/../../../../arm-none-eabi/lib/thumb/v7e-m+fp/hard\libc.a(lib_a-abort.o)
                0x000000000800ce6c                abort
 *fill*         0x000000000800ce7a        0x2 
 .text.__errno  0x000000000800ce7c        0xc c:/st/stm32cubeide_1.10.1/stm32cubeide/plugins/com.st.stm32cube.ide.mcu.externaltools.gnu-tools-for-stm32.10.3-2021.10.win32_1.0.0.202111181127/tools/bin/../lib/gcc/arm-none-eabi/10.3.1/../../../../arm-none-eabi/lib/thumb/v7e-m+fp/hard\libc.a(lib_a-errno.o)
                0x000000000800ce7c                __errno
 .text.__libc_init_array
                0x000000000800ce88       0x48 c:/st/stm32cubeide_1.10.1/stm32cubeide/plugins/com.st.stm32cube.ide.mcu.externaltools.gnu-tools-for-stm32.10.3-2021.10.win32_1.0.0.202111181127/tools/bin/../lib/gcc/arm-none-eabi/10.3.1/../../../../arm-none-eabi/lib/thumb/v7e-m+fp/hard\libc.a(lib_a-init.o)
                0x000000000800ce88                __libc_init_array
 .text.malloc   0x000000000800ced0       0x10 c:/st/stm32cubeide_1.10.1/stm32cubeide/plugins/com.st.stm32cube.ide.mcu.externaltools.gnu-tools-for-stm32.10.3-2021.10.win32_1.0.0.202111181127/tools/bin/../lib/gcc/arm-none-eabi/10.3.1/../../../../arm-none-eabi/lib/thumb/v7e-m+fp/hard\libc.a(lib_a-malloc.o)
                0x000000000800ced0                malloc
 .text.free     0x000000000800cee0       0x10 c:/st/stm32cubeide_1.10.1/stm32cubeide/plugins/com.st.stm32cube.ide.mcu.externaltools.gnu-tools-for-stm32.10.3-2021.10.win32_1.0.0.202111181127/tools/bin/../lib/gcc/arm-none-eabi/10.3.1/../../../../arm-none-eabi/lib/thumb/v7e-m+fp/hard\libc.a(lib_a-malloc.o)
                0x000000000800cee0                free
 .text._malloc_r
                0x000000000800cef0      0x478 c:/st/stm32cubeide_1.10.1/stm32cubeide/plugins/com.st.stm32cube.ide.mcu.externaltools.gnu-tools-for-stm32.10.3-2021.10.win32_1.0.0.202111181127/tools/bin/../lib/gcc/arm-none-eabi/10.3.1/../../../../arm-none-eabi/lib/thumb/v7e-m+fp/hard\libc.a(lib_a-mallocr.o)
                0x000000000800cef0                _malloc_r
 .text.memcpy   0x000000000800d368       0x1c c:/st/stm32cubeide_1.10.1/stm32cubeide/plugins/com.st.stm32cube.ide.mcu.externaltools.gnu-tools-for-stm32.10.3-2021.10.win32_1.0.0.202111181127/tools/bin/../lib/gcc/arm-none-eabi/10.3.1/../../../../arm-none-eabi/lib/thumb/v7e-m+fp/hard\libc.a(lib_a-memcpy-stub.o)
                0x000000000800d368                memcpy
 .text.memset   0x000000000800d384       0x10 c:/st/stm32cubeide_1.10.1/stm32cubeide/plugins/com.st.stm32cube.ide.mcu.externaltools.gnu-tools-for-stm32.10.3-2021.10.win32_1.0.0.202111181127/tools/bin/../lib/gcc/arm-none-eabi/10.3.1/../../../../arm-none-eabi/lib/thumb/v7e-m+fp/hard\libc.a(lib_a-memset.o)
                0x000000000800d384                memset
 .text.__malloc_lock
                0x000000000800d394        0xc c:/st/stm32cubeide_1.10.1/stm32cubeide/plugins/com.st.stm32cube.ide.mcu.externaltools.gnu-tools-for-stm32.10.3-2021.10.win32_1.0.0.202111181127/tools/bin/../lib/gcc/arm-none-eabi/10.3.1/../../../../arm-none-eabi/lib/thumb/v7e-m+fp/hard\libc.a(lib_a-mlock.o)
                0x000000000800d394                __malloc_lock
 .text.__malloc_unlock
                0x000000000800d3a0        0xc c:/st/stm32cubeide_1.10.1/stm32cubeide/plugins/com.st.stm32cube.ide.mcu.externaltools.gnu-tools-for-stm32.10.3-2021.10.win32_1.0.0.202111181127/tools/bin/../lib/gcc/arm-none-eabi/10.3.1/../../../../arm-none-eabi/lib/thumb/v7e-m+fp/hard\libc.a(lib_a-mlock.o)
                0x000000000800d3a0                __malloc_unlock
 .text.cleanup_glue
                0x000000000800d3ac       0x1a c:/st/stm32cubeide_1.10.1/stm32cubeide/plugins/com.st.stm32cube.ide.mcu.externaltools.gnu-tools-for-stm32.10.3-2021.10.win32_1.0.0.202111181127/tools/bin/../lib/gcc/arm-none-eabi/10.3.1/../../../../arm-none-eabi/lib/thumb/v7e-m+fp/hard\libc.a(lib_a-reent.o)
                0x000000000800d3ac                cleanup_glue
 *fill*         0x000000000800d3c6        0x2 
 .text._reclaim_reent
                0x000000000800d3c8       0x88 c:/st/stm32cubeide_1.10.1/stm32cubeide/plugins/com.st.stm32cube.ide.mcu.externaltools.gnu-tools-for-stm32.10.3-2021.10.win32_1.0.0.202111181127/tools/bin/../lib/gcc/arm-none-eabi/10.3.1/../../../../arm-none-eabi/lib/thumb/v7e-m+fp/hard\libc.a(lib_a-reent.o)
                0x000000000800d3c8                _reclaim_reent
 .text._sbrk_r  0x000000000800d450       0x20 c:/st/stm32cubeide_1.10.1/stm32cubeide/plugins/com.st.stm32cube.ide.mcu.externaltools.gnu-tools-for-stm32.10.3-2021.10.win32_1.0.0.202111181127/tools/bin/../lib/gcc/arm-none-eabi/10.3.1/../../../../arm-none-eabi/lib/thumb/v7e-m+fp/hard\libc.a(lib_a-sbrkr.o)
                0x000000000800d450                _sbrk_r
 .text._raise_r
                0x000000000800d470       0x52 c:/st/stm32cubeide_1.10.1/stm32cubeide/plugins/com.st.stm32cube.ide.mcu.externaltools.gnu-tools-for-stm32.10.3-2021.10.win32_1.0.0.202111181127/tools/bin/../lib/gcc/arm-none-eabi/10.3.1/../../../../arm-none-eabi/lib/thumb/v7e-m+fp/hard\libc.a(lib_a-signal.o)
                0x000000000800d470                _raise_r
 *fill*         0x000000000800d4c2        0x2 
 .text.raise    0x000000000800d4c4       0x10 c:/st/stm32cubeide_1.10.1/stm32cubeide/plugins/com.st.stm32cube.ide.mcu.externaltools.gnu-tools-for-stm32.10.3-2021.10.win32_1.0.0.202111181127/tools/bin/../lib/gcc/arm-none-eabi/10.3.1/../../../../arm-none-eabi/lib/thumb/v7e-m+fp/hard\libc.a(lib_a-signal.o)
                0x000000000800d4c4                raise
 .text._kill_r  0x000000000800d4d4       0x24 c:/st/stm32cubeide_1.10.1/stm32cubeide/plugins/com.st.stm32cube.ide.mcu.externaltools.gnu-tools-for-stm32.10.3-2021.10.win32_1.0.0.202111181127/tools/bin/../lib/gcc/arm-none-eabi/10.3.1/../../../../arm-none-eabi/lib/thumb/v7e-m+fp/hard\libc.a(lib_a-signalr.o)
                0x000000000800d4d4                _kill_r
 .text._getpid_r
                0x000000000800d4f8        0x4 c:/st/stm32cubeide_1.10.1/stm32cubeide/plugins/com.st.stm32cube.ide.mcu.externaltools.gnu-tools-for-stm32.10.3-2021.10.win32_1.0.0.202111181127/tools/bin/../lib/gcc/arm-none-eabi/10.3.1/../../../../arm-none-eabi/lib/thumb/v7e-m+fp/hard\libc.a(lib_a-signalr.o)
                0x000000000800d4f8                _getpid_r
 .text.sysconf  0x000000000800d4fc       0x1a c:/st/stm32cubeide_1.10.1/stm32cubeide/plugins/com.st.stm32cube.ide.mcu.externaltools.gnu-tools-for-stm32.10.3-2021.10.win32_1.0.0.202111181127/tools/bin/../lib/gcc/arm-none-eabi/10.3.1/../../../../arm-none-eabi/lib/thumb/v7e-m+fp/hard\libc.a(lib_a-sysconf.o)
                0x000000000800d4fc                sysconf
 *fill*         0x000000000800d516        0x2 
 .text.startup.register_fini
                0x000000000800d518       0x14 c:/st/stm32cubeide_1.10.1/stm32cubeide/plugins/com.st.stm32cube.ide.mcu.externaltools.gnu-tools-for-stm32.10.3-2021.10.win32_1.0.0.202111181127/tools/bin/../lib/gcc/arm-none-eabi/10.3.1/../../../../arm-none-eabi/lib/thumb/v7e-m+fp/hard\libc.a(lib_a-__call_atexit.o)
 .text.atexit   0x000000000800d52c        0xc c:/st/stm32cubeide_1.10.1/stm32cubeide/plugins/com.st.stm32cube.ide.mcu.externaltools.gnu-tools-for-stm32.10.3-2021.10.win32_1.0.0.202111181127/tools/bin/../lib/gcc/arm-none-eabi/10.3.1/../../../../arm-none-eabi/lib/thumb/v7e-m+fp/hard\libc.a(lib_a-atexit.o)
                0x000000000800d52c                atexit
 .text.__libc_fini_array
                0x000000000800d538       0x28 c:/st/stm32cubeide_1.10.1/stm32cubeide/plugins/com.st.stm32cube.ide.mcu.externaltools.gnu-tools-for-stm32.10.3-2021.10.win32_1.0.0.202111181127/tools/bin/../lib/gcc/arm-none-eabi/10.3.1/../../../../arm-none-eabi/lib/thumb/v7e-m+fp/hard\libc.a(lib_a-fini.o)
                0x000000000800d538                __libc_fini_array
 .text._malloc_trim_r
                0x000000000800d560       0xa8 c:/st/stm32cubeide_1.10.1/stm32cubeide/plugins/com.st.stm32cube.ide.mcu.externaltools.gnu-tools-for-stm32.10.3-2021.10.win32_1.0.0.202111181127/tools/bin/../lib/gcc/arm-none-eabi/10.3.1/../../../../arm-none-eabi/lib/thumb/v7e-m+fp/hard\libc.a(lib_a-freer.o)
                0x000000000800d560                _malloc_trim_r
 .text._free_r  0x000000000800d608      0x180 c:/st/stm32cubeide_1.10.1/stm32cubeide/plugins/com.st.stm32cube.ide.mcu.externaltools.gnu-tools-for-stm32.10.3-2021.10.win32_1.0.0.202111181127/tools/bin/../lib/gcc/arm-none-eabi/10.3.1/../../../../arm-none-eabi/lib/thumb/v7e-m+fp/hard\libc.a(lib_a-freer.o)
                0x000000000800d608                _free_r
 .text.__register_exitproc
                0x000000000800d788       0x84 c:/st/stm32cubeide_1.10.1/stm32cubeide/plugins/com.st.stm32cube.ide.mcu.externaltools.gnu-tools-for-stm32.10.3-2021.10.win32_1.0.0.202111181127/tools/bin/../lib/gcc/arm-none-eabi/10.3.1/../../../../arm-none-eabi/lib/thumb/v7e-m+fp/hard\libc.a(lib_a-__atexit.o)
                0x000000000800d788                __register_exitproc
 *(.glue_7)
 .glue_7        0x000000000800d80c        0x0 linker stubs
 *(.glue_7t)
 .glue_7t       0x000000000800d80c        0x0 linker stubs
 *(.eh_frame)
 .eh_frame      0x000000000800d80c        0x0 c:/st/stm32cubeide_1.10.1/stm32cubeide/plugins/com.st.stm32cube.ide.mcu.externaltools.gnu-tools-for-stm32.10.3-2021.10.win32_1.0.0.202111181127/tools/bin/../lib/gcc/arm-none-eabi/10.3.1/thumb/v7e-m+fp/hard/crtbegin.o
 *(.init)
 .init          0x000000000800d80c        0x4 c:/st/stm32cubeide_1.10.1/stm32cubeide/plugins/com.st.stm32cube.ide.mcu.externaltools.gnu-tools-for-stm32.10.3-2021.10.win32_1.0.0.202111181127/tools/bin/../lib/gcc/arm-none-eabi/10.3.1/thumb/v7e-m+fp/hard/crti.o
                0x000000000800d80c                _init
 .init          0x000000000800d810        0x8 c:/st/stm32cubeide_1.10.1/stm32cubeide/plugins/com.st.stm32cube.ide.mcu.externaltools.gnu-tools-for-stm32.10.3-2021.10.win32_1.0.0.202111181127/tools/bin/../lib/gcc/arm-none-eabi/10.3.1/thumb/v7e-m+fp/hard/crtn.o
 *(.fini)
 .fini          0x000000000800d818        0x4 c:/st/stm32cubeide_1.10.1/stm32cubeide/plugins/com.st.stm32cube.ide.mcu.externaltools.gnu-tools-for-stm32.10.3-2021.10.win32_1.0.0.202111181127/tools/bin/../lib/gcc/arm-none-eabi/10.3.1/thumb/v7e-m+fp/hard/crti.o
                0x000000000800d818                _fini
 .fini          0x000000000800d81c        0x8 c:/st/stm32cubeide_1.10.1/stm32cubeide/plugins/com.st.stm32cube.ide.mcu.externaltools.gnu-tools-for-stm32.10.3-2021.10.win32_1.0.0.202111181127/tools/bin/../lib/gcc/arm-none-eabi/10.3.1/thumb/v7e-m+fp/hard/crtn.o
                0x000000000800d824                . = ALIGN (0x4)
                0x000000000800d824                _etext = .

.vfp11_veneer   0x000000000800d824        0x0
 .vfp11_veneer  0x000000000800d824        0x0 linker stubs

.v4_bx          0x000000000800d824        0x0
 .v4_bx         0x000000000800d824        0x0 linker stubs

.iplt           0x000000000800d824        0x0
 .iplt          0x000000000800d824        0x0 c:/st/stm32cubeide_1.10.1/stm32cubeide/plugins/com.st.stm32cube.ide.mcu.externaltools.gnu-tools-for-stm32.10.3-2021.10.win32_1.0.0.202111181127/tools/bin/../lib/gcc/arm-none-eabi/10.3.1/thumb/v7e-m+fp/hard/crtbegin.o

.rodata         0x000000000800d824       0xb0
                0x000000000800d824                . = ALIGN (0x4)
 *(.rodata)
 .rodata        0x000000000800d824       0x31 ./Core/Src/cpp_target_config.o
 *fill*         0x000000000800d855        0x3 
 .rodata        0x000000000800d858        0xc ./Core/Src/main.o
 .rodata        0x000000000800d864        0x5 ./Middlewares/Third_Party/FreeRTOS/Source/tasks.o
 *fill*         0x000000000800d869        0x3 
 .rodata        0x000000000800d86c        0xd ./Middlewares/Third_Party/FreeRTOS/Source/timers.o
 *(.rodata*)
 *fill*         0x000000000800d879        0x3 
 .rodata._ZTVN12cpp_freertos15BinarySemaphoreE
                0x000000000800d87c       0x10 ./Core/Src/cpp_target_config.o
                0x000000000800d87c                vtable for cpp_freertos::BinarySemaphore
 .rodata.defaultTask_attributes
                0x000000000800d88c       0x24 ./Core/Src/main.o
                0x000000000800d88c                defaultTask_attributes
 .rodata.AHBPrescTable
                0x000000000800d8b0       0x10 ./Core/Src/system_stm32f4xx.o
                0x000000000800d8b0                AHBPrescTable
 .rodata.APBPrescTable
                0x000000000800d8c0        0x8 ./Core/Src/system_stm32f4xx.o
                0x000000000800d8c0                APBPrescTable